sources/app/snake/game.cpp:29:6:void render_game_over()	32	static
sources/app/snake/game.cpp:212:6:void task_game_over(ak_msg_t*)	0	static
sources/app/snake/game.cpp:52:6:void play_buzzer()	8	static
sources/app/snake/game.cpp:57:6:void touch_bar()	0	static
sources/app/snake/game.cpp:65:6:void is_touching_side_wall(ball_t&)	0	static
sources/app/snake/game.cpp:72:6:void is_touching_ceiling(ball_t&)	0	static
sources/app/snake/game.cpp:79:6:void is_touching_bar(ball_t&)	8	static
sources/app/snake/game.cpp:87:6:void is_game_over(ball_t&)	8	static
sources/app/snake/game.cpp:94:6:void is_ball_spawning()	0	static
sources/app/snake/game.cpp:138:6:void task_increase_ball(ak_msg_t*)	0	static
sources/app/snake/game.cpp:150:6:void move_bar_right()	0	static
sources/app/snake/game.cpp:157:6:void move_bar_left()	0	static
sources/app/snake/game.cpp:164:6:void task_draw_snake(ak_msg_t*)	0	static
sources/app/snake/game.cpp:173:6:void task_move_bar_right(ak_msg_t*)	8	static
sources/app/snake/game.cpp:182:6:void task_move_bar_left(ak_msg_t*)	8	static
sources/app/snake/game.cpp:210:6:void task_game(ak_msg_t*)	0	static
sources/app/snake/game.cpp:102:6:void draw_game()	32	static
sources/app/snake/game.cpp:191:6:void render_game_screen()	0	static
