Archive member included to satisfy reference by file (symbol)

/home/vietanh/workspace/tools/gcc-arm-none-eabi-10.3-2021.10/arm-none-eabi/lib/thumb/v7-m/nofp/libc.a(lib_a-atof.o)
                              build_ball_catch/WString.o (atof)
/home/vietanh/workspace/tools/gcc-arm-none-eabi-10.3-2021.10/arm-none-eabi/lib/thumb/v7-m/nofp/libc.a(lib_a-atol.o)
                              build_ball_catch/WString.o (atol)
/home/vietanh/workspace/tools/gcc-arm-none-eabi-10.3-2021.10/arm-none-eabi/lib/thumb/v7-m/nofp/libc.a(lib_a-isspace.o)
                              build_ball_catch/WString.o (isspace)
/home/vietanh/workspace/tools/gcc-arm-none-eabi-10.3-2021.10/arm-none-eabi/lib/thumb/v7-m/nofp/libc.a(lib_a-malloc.o)
                              build_ball_catch/message.o (malloc)
/home/vietanh/workspace/tools/gcc-arm-none-eabi-10.3-2021.10/arm-none-eabi/lib/thumb/v7-m/nofp/libc.a(lib_a-mallocr.o)
                              /home/vietanh/workspace/tools/gcc-arm-none-eabi-10.3-2021.10/arm-none-eabi/lib/thumb/v7-m/nofp/libc.a(lib_a-malloc.o) (_malloc_r)
/home/vietanh/workspace/tools/gcc-arm-none-eabi-10.3-2021.10/arm-none-eabi/lib/thumb/v7-m/nofp/libc.a(lib_a-memcmp.o)
                              build_ball_catch/mbmfuncfiles.o (memcmp)
/home/vietanh/workspace/tools/gcc-arm-none-eabi-10.3-2021.10/arm-none-eabi/lib/thumb/v7-m/nofp/libc.a(lib_a-memcpy.o)
                              build_ball_catch/message.o (memcpy)
/home/vietanh/workspace/tools/gcc-arm-none-eabi-10.3-2021.10/arm-none-eabi/lib/thumb/v7-m/nofp/libc.a(lib_a-memmove.o)
                              build_ball_catch/WString.o (memmove)
/home/vietanh/workspace/tools/gcc-arm-none-eabi-10.3-2021.10/arm-none-eabi/lib/thumb/v7-m/nofp/libc.a(lib_a-memset.o)
                              build_ball_catch/task.o (memset)
/home/vietanh/workspace/tools/gcc-arm-none-eabi-10.3-2021.10/arm-none-eabi/lib/thumb/v7-m/nofp/libc.a(lib_a-mlock.o)
                              /home/vietanh/workspace/tools/gcc-arm-none-eabi-10.3-2021.10/arm-none-eabi/lib/thumb/v7-m/nofp/libc.a(lib_a-mallocr.o) (__malloc_lock)
/home/vietanh/workspace/tools/gcc-arm-none-eabi-10.3-2021.10/arm-none-eabi/lib/thumb/v7-m/nofp/libc.a(lib_a-rand.o)
                              build_ball_catch/WMath.o (srand)
/home/vietanh/workspace/tools/gcc-arm-none-eabi-10.3-2021.10/arm-none-eabi/lib/thumb/v7-m/nofp/libc.a(lib_a-realloc.o)
                              build_ball_catch/WString.o (realloc)
/home/vietanh/workspace/tools/gcc-arm-none-eabi-10.3-2021.10/arm-none-eabi/lib/thumb/v7-m/nofp/libc.a(lib_a-reallocr.o)
                              /home/vietanh/workspace/tools/gcc-arm-none-eabi-10.3-2021.10/arm-none-eabi/lib/thumb/v7-m/nofp/libc.a(lib_a-realloc.o) (_realloc_r)
/home/vietanh/workspace/tools/gcc-arm-none-eabi-10.3-2021.10/arm-none-eabi/lib/thumb/v7-m/nofp/libc.a(lib_a-sbrkr.o)
                              /home/vietanh/workspace/tools/gcc-arm-none-eabi-10.3-2021.10/arm-none-eabi/lib/thumb/v7-m/nofp/libc.a(lib_a-mallocr.o) (_sbrk_r)
/home/vietanh/workspace/tools/gcc-arm-none-eabi-10.3-2021.10/arm-none-eabi/lib/thumb/v7-m/nofp/libc.a(lib_a-snprintf.o)
                              build_ball_catch/scr_game.o (snprintf)
/home/vietanh/workspace/tools/gcc-arm-none-eabi-10.3-2021.10/arm-none-eabi/lib/thumb/v7-m/nofp/libc.a(lib_a-strcat.o)
                              build_ball_catch/dtostrf.o (strcat)
/home/vietanh/workspace/tools/gcc-arm-none-eabi-10.3-2021.10/arm-none-eabi/lib/thumb/v7-m/nofp/libc.a(lib_a-strchr.o)
                              build_ball_catch/WString.o (strchr)
/home/vietanh/workspace/tools/gcc-arm-none-eabi-10.3-2021.10/arm-none-eabi/lib/thumb/v7-m/nofp/libc.a(lib_a-strcmp.o)
                              build_ball_catch/cmd_line.o (strcmp)
/home/vietanh/workspace/tools/gcc-arm-none-eabi-10.3-2021.10/arm-none-eabi/lib/thumb/v7-m/nofp/libc.a(lib_a-strcpy.o)
                              build_ball_catch/sys_dbg.o (strcpy)
/home/vietanh/workspace/tools/gcc-arm-none-eabi-10.3-2021.10/arm-none-eabi/lib/thumb/v7-m/nofp/libc.a(lib_a-strlen-stub.o)
                              build_ball_catch/xprintf.o (strlen)
/home/vietanh/workspace/tools/gcc-arm-none-eabi-10.3-2021.10/arm-none-eabi/lib/thumb/v7-m/nofp/libc.a(lib_a-strncmp.o)
                              build_ball_catch/WString.o (strncmp)
/home/vietanh/workspace/tools/gcc-arm-none-eabi-10.3-2021.10/arm-none-eabi/lib/thumb/v7-m/nofp/libc.a(lib_a-strncpy.o)
                              build_ball_catch/WString.o (strncpy)
/home/vietanh/workspace/tools/gcc-arm-none-eabi-10.3-2021.10/arm-none-eabi/lib/thumb/v7-m/nofp/libc.a(lib_a-strrchr.o)
                              build_ball_catch/WString.o (strrchr)
/home/vietanh/workspace/tools/gcc-arm-none-eabi-10.3-2021.10/arm-none-eabi/lib/thumb/v7-m/nofp/libc.a(lib_a-strstr.o)
                              build_ball_catch/WString.o (strstr)
/home/vietanh/workspace/tools/gcc-arm-none-eabi-10.3-2021.10/arm-none-eabi/lib/thumb/v7-m/nofp/libc.a(lib_a-strtod.o)
[...]
Memory Configuration

Name             Origin             Length             Attributes
BSF              0x0000000008002000 0x0000000000001000 xr
FLASH            0x0000000008003000 0x000000000001d000 xr
SRAM             0x0000000020000000 0x0000000000004000 xrw
*default*        0x0000000000000000 0xffffffffffffffff

Linker script and memory map

                0x0000000000000800                HEAP_SIZE = 0x800

.start_boot_share_data_flash
                0x0000000008002000        0x0
                0x0000000008002000                _start_boot_share_data_flash = .

.start_flash    0x0000000008003000        0x0
                0x0000000008003000                _start_flash = .

.isr_vector     0x0000000008003000       0xf4
                0x0000000008003000                _isr_vector = .
 *(.isr_vector)
 .isr_vector    0x0000000008003000       0xf4 build_ball_catch/system.o
                0x0000000008003000                isr_vector
                0x00000000080030f4                . = ALIGN (0x4)

.text           0x00000000080030f8    0x12cac
                0x00000000080030f8                . = ALIGN (0x4)
 *(.text)
 .text          0x00000000080030f8       0xec /home/vietanh/workspace/tools/gcc-arm-none-eabi-10.3-2021.10/arm-none-eabi/lib/thumb/v7-m/nofp/libc.a(lib_a-memcpy.o)
                0x00000000080030f8                memcpy
 .text          0x00000000080031e4      0x1bc /home/vietanh/workspace/tools/gcc-arm-none-eabi-10.3-2021.10/arm-none-eabi/lib/thumb/v7-m/nofp/libc.a(lib_a-strcmp.o)
                0x00000000080031e4                strcmp
 .text          0x00000000080033a0      0x378 /home/vietanh/workspace/tools/gcc-arm-none-eabi-10.3-2021.10/lib/gcc/arm-none-eabi/10.3.1/thumb/v7-m/nofp/libgcc.a(_arm_addsubdf3.o)
                0x00000000080033a0                __aeabi_drsub
                0x00000000080033a8                __aeabi_dsub
                0x00000000080033a8                __subdf3
                0x00000000080033ac                __adddf3
                0x00000000080033ac                __aeabi_dadd
                0x0000000008003624                __aeabi_ui2d
                0x0000000008003624                __floatunsidf
                0x0000000008003644                __floatsidf
                0x0000000008003644                __aeabi_i2d
                0x0000000008003668                __extendsfdf2
                0x0000000008003668                __aeabi_f2d
                0x00000000080036ac                __aeabi_ul2d
                0x00000000080036ac                __floatundidf
                0x00000000080036bc                __floatdidf
                0x00000000080036bc                __aeabi_l2d
 .text          0x0000000008003718      0x424 /home/vietanh/workspace/tools/gcc-arm-none-eabi-10.3-2021.10/lib/gcc/arm-none-eabi/10.3.1/thumb/v7-m/nofp/libgcc.a(_arm_muldivdf3.o)
                0x0000000008003718                __aeabi_dmul
                0x0000000008003718                __muldf3
                0x000000000800396c                __aeabi_ddiv
                0x000000000800396c                __divdf3
 .text          0x0000000008003b3c      0x110 /home/vietanh/workspace/tools/gcc-arm-none-eabi-10.3-2021.10/lib/gcc/arm-none-eabi/10.3.1/thumb/v7-m/nofp/libgcc.a(_arm_cmpdf2.o)
                0x0000000008003b3c                __gtdf2
                0x0000000008003b3c                __gedf2
                0x0000000008003b44                __ltdf2
                0x0000000008003b44                __ledf2
                0x0000000008003b4c                __cmpdf2
                0x0000000008003b4c                __eqdf2
                0x0000000008003b4c                __nedf2
                0x0000000008003bc8                __aeabi_cdrcmple
                0x0000000008003bd8                __aeabi_cdcmple
                0x0000000008003bd8                __aeabi_cdcmpeq
                0x0000000008003be8                __aeabi_dcmpeq
                0x0000000008003bfc                __aeabi_dcmplt
                0x0000000008003c10                __aeabi_dcmple
                0x0000000008003c24                __aeabi_dcmpge
                0x0000000008003c38                __aeabi_dcmpgt
 .text          0x0000000008003c4c       0x2c /home/vietanh/workspace/tools/gcc-arm-none-eabi-10.3-2021.10/lib/gcc/arm-none-eabi/10.3.1/thumb/v7-m/nofp/libgcc.a(_arm_unorddf2.o)
                0x0000000008003c4c                __aeabi_dcmpun
                0x0000000008003c4c                __unorddf2
 .text          0x0000000008003c78       0x50 /home/vietanh/workspace/tools/gcc-arm-none-eabi-10.3-2021.10/lib/gcc/arm-none-eabi/10.3.1/thumb/v7-m/nofp/libgcc.a(_arm_fixdfsi.o)
                0x0000000008003c78                __fixdfsi
                0x0000000008003c78                __aeabi_d2iz
 .text          0x0000000008003cc8       0x40 /home/vietanh/workspace/tools/gcc-arm-none-eabi-10.3-2021.10/lib/gcc/arm-none-eabi/10.3.1/thumb/v7-m/nofp/libgcc.a(_arm_fixunsdfsi.o)
                0x0000000008003cc8                __fixunsdfsi
                0x0000000008003cc8                __aeabi_d2uiz
 .text          0x0000000008003d08      0x21c /home/vietanh/workspace/tools/gcc-arm-none-eabi-10.3-2021.10/lib/gcc/arm-none-eabi/10.3.1/thumb/v7-m/nofp/libgcc.a(_arm_addsubsf3.o)
                0x0000000008003d08                __aeabi_frsub
                0x0000000008003d10                __subsf3
                0x0000000008003d10                __aeabi_fsub
                0x0000000008003d14                __aeabi_fadd
                0x0000000008003d14                __addsf3
                0x0000000008003e74                __aeabi_ui2f
                0x0000000008003e74                __floatunsisf
                0x0000000008003e7c                __aeabi_i2f
                0x0000000008003e7c                __floatsisf
                0x0000000008003e98                __floatundisf
                0x0000000008003e98                __aeabi_ul2f
                0x0000000008003ea8                __floatdisf
                0x0000000008003ea8                __aeabi_l2f
 .text          0x0000000008003f24       0x30 /home/vietanh/workspace/tools/gcc-arm-none-eabi-10.3-2021.10/lib/gcc/arm-none-eabi/10.3.1/thumb/v7-m/nofp/libgcc.a(_aeabi_uldivmod.o)
                0x0000000008003f24                __aeabi_uldivmod
 .text          0x0000000008003f54      0x2d4 /home/vietanh/workspace/tools/gcc-arm-none-eabi-10.3-2021.10/lib/gcc/arm-none-eabi/10.3.1/thumb/v7-m/nofp/libgcc.a(_udivmoddi4.o)
                0x0000000008003f54                __udivmoddi4
 .text          0x0000000008004228        0x4 /home/vietanh/workspace/tools/gcc-arm-none-eabi-10.3-2021.10/lib/gcc/arm-none-eabi/10.3.1/thumb/v7-m/nofp/libgcc.a(_dvmd_tls.o)
                0x0000000008004228                __aeabi_ldiv0
                0x0000000008004228                __aeabi_idiv0
 *(.text*)
 .text.fsm_dispatch
                0x000000000800422c        0x6 build_ball_catch/fsm.o
                0x000000000800422c                fsm_dispatch
 *fill*         0x0000000008004232        0x2 
 .text.task_create
                0x0000000008004234       0x3c build_ball_catch/task.o
                0x0000000008004234                task_create
 .text.task_polling_create
                0x0000000008004270       0x34 build_ball_catch/task.o
                0x0000000008004270                task_polling_create
 .text.task_post
                0x00000000080042a4       0x84 build_ball_catch/task.o
                0x00000000080042a4                task_post
 .text.task_remove_msg
                0x0000000008004328       0xb4 build_ball_catch/task.o
                0x0000000008004328                task_remove_msg
 .text.task_post_pure_msg
                0x00000000080043dc       0x18 build_ball_catch/task.o
                0x00000000080043dc                task_post_pure_msg
 .text.task_post_common_msg
                0x00000000080043f4       0x2a build_ball_catch/task.o
                0x00000000080043f4                task_post_common_msg
 *fill*         0x000000000800441e        0x2 
 .text.task_entry_interrupt
                0x0000000008004420       0x1c build_ball_catch/task.o
                0x0000000008004420                task_entry_interrupt
 .text.task_exit_interrupt
                0x000000000800443c       0x24 build_ball_catch/task.o
                0x000000000800443c                task_exit_interrupt
 .text.task_init
                0x0000000008004460       0x40 build_ball_catch/task.o
                0x0000000008004460                task_init
 .text.task_polling_run
                0x00000000080044a0       0x34 build_ball_catch/task.o
                0x00000000080044a0                task_polling_run
 .text.task_run
                0x00000000080044d4      0x138 build_ball_catch/task.o
                0x00000000080044d4                task_run
 .text.get_current_task_id
                0x000000000800460c        0xc build_ball_catch/task.o
                0x000000000800460c                get_current_task_id
 .text.get_current_task_info
                0x0000000008004618        0x8 build_ball_catch/task.o
                0x0000000008004618                get_current_task_info
 .text.get_current_active_object
                0x0000000008004620        0x8 build_ball_catch/task.o
                0x0000000008004620                get_current_active_object
 .text.timer_remove_msg
                0x0000000008004628       0x64 build_ball_catch/timer.o
 .text.task_timer_tick
                0x000000000800468c       0x7c build_ball_catch/timer.o
                0x000000000800468c                task_timer_tick
 .text.timer_init
                0x0000000008004708       0x6c build_ball_catch/timer.o
                0x0000000008004708                timer_init
 .text.timer_tick
                0x0000000008004774       0x38 build_ball_catch/timer.o
                0x0000000008004774                timer_tick
 .text.timer_set
                0x00000000080047ac       0x98 build_ball_catch/timer.o
                0x00000000080047ac                timer_set
 .text.timer_remove_attr
                0x0000000008004844       0x18 build_ball_catch/timer.o
                0x0000000008004844                timer_remove_attr
 .text.free_common_msg
                0x000000000800485c       0x28 build_ball_catch/message.o
 .text.free_pure_msg
                0x0000000008004884       0x28 build_ball_catch/message.o
 .text.free_dynamic_msg
                0x00000000080048ac       0x30 build_ball_catch/message.o
 .text.msg_init
                0x00000000080048dc      0x100 build_ball_catch/message.o
                0x00000000080048dc                msg_init
 .text.msg_force_free
                0x00000000080049dc       0x44 build_ball_catch/message.o
                0x00000000080049dc                msg_force_free
 .text.msg_inc_ref_count
                0x0000000008004a20       0x2c build_ball_catch/message.o
                0x0000000008004a20                msg_inc_ref_count
 .text.msg_dec_ref_count
                0x0000000008004a4c       0x28 build_ball_catch/message.o
                0x0000000008004a4c                msg_dec_ref_count
 .text.msg_free
                0x0000000008004a74       0x58 build_ball_catch/message.o
                0x0000000008004a74                msg_free
 .text.ak_malloc
                0x0000000008004acc       0x50 build_ball_catch/message.o
                0x0000000008004acc                ak_malloc
 .text.get_pure_msg
                0x0000000008004b1c       0x5c build_ball_catch/message.o
                0x0000000008004b1c                get_pure_msg
 .text.get_common_msg
                0x0000000008004b78       0x60 build_ball_catch/message.o
                0x0000000008004b78                get_common_msg
 .text.set_data_common_msg
                0x0000000008004bd8       0x4c build_ball_catch/message.o
                0x0000000008004bd8                set_data_common_msg
 .text.get_data_common_msg
                0x0000000008004c24       0x28 build_ball_catch/message.o
                0x0000000008004c24                get_data_common_msg
 .text.get_data_len_common_msg
                0x0000000008004c4c       0x28 build_ball_catch/message.o
                0x0000000008004c4c                get_data_len_common_msg
 .text.get_dynamic_msg
                0x0000000008004c74       0x64 build_ball_catch/message.o
                0x0000000008004c74                get_dynamic_msg
 .text.set_data_dynamic_msg
                0x0000000008004cd8       0x3c build_ball_catch/message.o
                0x0000000008004cd8                set_data_dynamic_msg
 .text.get_data_dynamic_msg
                0x0000000008004d14       0x28 build_ball_catch/message.o
                0x0000000008004d14                get_data_dynamic_msg
 .text.get_data_len_dynamic_msg
                0x0000000008004d3c        0x4 build_ball_catch/message.o
                0x0000000008004d3c                get_data_len_dynamic_msg
 .text.log_queue_init
                0x0000000008004d40       0x2e build_ball_catch/log_queue.o
                0x0000000008004d40                log_queue_init
 .text.log_queue_len
                0x0000000008004d6e        0x4 build_ball_catch/log_queue.o
                0x0000000008004d6e                log_queue_len
 .text.log_queue_put
                0x0000000008004d72       0x5c build_ball_catch/log_queue.o
                0x0000000008004d72                log_queue_put
 .text.log_queue_get
                0x0000000008004dce       0x30 build_ball_catch/log_queue.o
                0x0000000008004dce                log_queue_get
 .text.fifo_init
                0x0000000008004dfe       0x12 build_ball_catch/fifo.o
                0x0000000008004dfe                fifo_init
 .text.fifo_availble
                0x0000000008004e10        0x4 build_ball_catch/fifo.o
                0x0000000008004e10                fifo_availble
 .text.fifo_is_full
                0x0000000008004e14        0xc build_ball_catch/fifo.o
                0x0000000008004e14                fifo_is_full
 .text.fifo_put
                0x0000000008004e20       0x54 build_ball_catch/fifo.o
                0x0000000008004e20                fifo_put
 .text.fifo_get
                0x0000000008004e74       0x50 build_ball_catch/fifo.o
                0x0000000008004e74                fifo_get
 .text.ring_buffer_char_init
                0x0000000008004ec4        0xc build_ball_catch/ring_buffer.o
                0x0000000008004ec4                ring_buffer_char_init
 .text.ring_buffer_char_is_empty
                0x0000000008004ed0        0xa build_ball_catch/ring_buffer.o
                0x0000000008004ed0                ring_buffer_char_is_empty
 .text.ring_buffer_char_put
                0x0000000008004eda       0x36 build_ball_catch/ring_buffer.o
                0x0000000008004eda                ring_buffer_char_put
 .text.ring_buffer_char_get
                0x0000000008004f10       0x26 build_ball_catch/ring_buffer.o
                0x0000000008004f10                ring_buffer_char_get
 .text.mem_read
                0x0000000008004f36       0x18 build_ball_catch/utils.o
                0x0000000008004f36                mem_read
 .text.mem_write
                0x0000000008004f4e       0x1a build_ball_catch/utils.o
                0x0000000008004f4e                mem_write
 .text.ilog10   0x0000000008004f68       0xd8 build_ball_catch/xprintf.o
 .text.i10x     0x0000000008005040       0x78 build_ball_catch/xprintf.o
 .text.xfputc   0x00000000080050b8       0x30 build_ball_catch/xprintf.o
                0x00000000080050b8                xfputc
 .text.xputc    0x00000000080050e8       0x10 build_ball_catch/xprintf.o
                0x00000000080050e8                xputc
 .text.xvfprintf
                0x00000000080050f8      0x580 build_ball_catch/xprintf.o
 .text.xprintf  0x0000000008005678       0x24 build_ball_catch/xprintf.o
                0x0000000008005678                xprintf
 .text.cmd_line_parser
                0x000000000800569c       0x7c build_ball_catch/cmd_line.o
                0x000000000800569c                cmd_line_parser
 .text.button_init
                0x0000000008005718       0x34 build_ball_catch/button.o
                0x0000000008005718                button_init
 .text.button_enable
                0x000000000800574c        0x6 build_ball_catch/button.o
                0x000000000800574c                button_enable
 .text.button_timer_polling
                0x0000000008005752       0x76 build_ball_catch/button.o
                0x0000000008005752                button_timer_polling
 .text.flash_wait_to_idle
                0x00000000080057c8       0x32 build_ball_catch/flash.o
 .text.flash_set_write_enable.constprop.0
                0x00000000080057fa       0x14 build_ball_catch/flash.o
 .text.flash_is_connected
                0x000000000800580e       0x22 build_ball_catch/flash.o
                0x000000000800580e                flash_is_connected
 .text.flash_read
                0x0000000008005830       0x5e build_ball_catch/flash.o
                0x0000000008005830                flash_read
 .text.flash_write
                0x000000000800588e       0x6c build_ball_catch/flash.o
                0x000000000800588e                flash_write
 .text.flash_erase_sector
                0x00000000080058fa       0x48 build_ball_catch/flash.o
                0x00000000080058fa                flash_erase_sector
 .text.flash_erase_block_64k
                0x0000000008005942       0x46 build_ball_catch/flash.o
                0x0000000008005942                flash_erase_block_64k
 .text.led_init
                0x0000000008005988       0x20 build_ball_catch/led.o
                0x0000000008005988                led_init
 .text.led_on   0x00000000080059a8        0xc build_ball_catch/led.o
                0x00000000080059a8                led_on
 .text.led_off  0x00000000080059b4        0xc build_ball_catch/led.o
                0x00000000080059b4                led_off
 .text.led_toggle
                0x00000000080059c0       0x12 build_ball_catch/led.o
                0x00000000080059c0                led_toggle
 *fill*         0x00000000080059d2        0x2 
 .text.BUZZER_Init
                0x00000000080059d4       0xe0 build_ball_catch/buzzer.o
                0x00000000080059d4                BUZZER_Init
 .text.BUZZER_Disable
                0x0000000008005ab4       0x38 build_ball_catch/buzzer.o
                0x0000000008005ab4                BUZZER_Disable
 .text.BUZZER_Enable
                0x0000000008005aec       0x84 build_ball_catch/buzzer.o
                0x0000000008005aec                BUZZER_Enable
 .text.buzzer_irq
                0x0000000008005b70       0x98 build_ball_catch/buzzer.o
                0x0000000008005b70                buzzer_irq
 .text.BUZZER_PlayTones
                0x0000000008005c08       0x2c build_ball_catch/buzzer.o
                0x0000000008005c08                BUZZER_PlayTones
 .text.BUZZER_Sleep
                0x0000000008005c34       0x1c build_ball_catch/buzzer.o
                0x0000000008005c34                BUZZER_Sleep
 .text.sys_dbg_cpu_dump
                0x0000000008005c50       0x4c build_ball_catch/sys_dbg.o
                0x0000000008005c50                sys_dbg_cpu_dump
 .text.sys_dbg_stack_space_dump
                0x0000000008005c9c       0x30 build_ball_catch/sys_dbg.o
                0x0000000008005c9c                sys_dbg_stack_space_dump
 .text.sys_dbg_fatal
                0x0000000008005ccc      0x3cc build_ball_catch/sys_dbg.o
                0x0000000008005ccc                sys_dbg_fatal
 .text.sys_boot_init
                0x0000000008006098       0x14 build_ball_catch/sys_boot.o
                0x0000000008006098                sys_boot_init
 .text.sys_boot_get
                0x00000000080060ac        0xc build_ball_catch/sys_boot.o
                0x00000000080060ac                sys_boot_get
 .text.sys_boot_set
                0x00000000080060b8       0x34 build_ball_catch/sys_boot.o
                0x00000000080060b8                sys_boot_set
 .text.eMBExceptionToErrorcode
                0x00000000080060ec       0x14 build_ball_catch/mbutils.o
                0x00000000080060ec                eMBExceptionToErrorcode
 .text.eMBMReleaseHdl
                0x0000000008006100       0x58 build_ball_catch/mbm.o
 .text.bMBMResponseTimeoutCB
                0x0000000008006158       0x18 build_ball_catch/mbm.o
 .text.bMBMIsHdlValid
                0x0000000008006170       0x18 build_ball_catch/mbm.o
                0x0000000008006170                bMBMIsHdlValid
 .text.vMBMMasterTransactionPolled
                0x0000000008006188       0xae build_ball_catch/mbm.o
                0x0000000008006188                vMBMMasterTransactionPolled
 *fill*         0x0000000008006236        0x2 
 .text.eMBMSerialInitExt
                0x0000000008006238       0xcc build_ball_catch/mbm.o
                0x0000000008006238                eMBMSerialInitExt
 .text.usMBMCRC16
                0x0000000008006304       0x2c build_ball_catch/mbmcrc.o
                0x0000000008006304                usMBMCRC16
 .text.bMBMSerialWaitCB
                0x0000000008006330       0x3c build_ball_catch/mbmrtu.o
 .text.bMBMSerialRTUT35CB
                0x000000000800636c       0x58 build_ball_catch/mbmrtu.o
 .text.bMBMSerialRTUTransmitterEmptyAPIV1CB
                0x00000000080063c4       0xb2 build_ball_catch/mbmrtu.o
 .text.bMBMSerialRTUReceiverAPIV1CB
                0x0000000008006476       0xa0 build_ball_catch/mbmrtu.o
 *fill*         0x0000000008006516        0x2 
 .text.eMBMSerialRTUFrameCloseInternal
                0x0000000008006518       0x90 build_ball_catch/mbmrtu.o
 .text.eMBMSerialRTUFrameReceive
                0x00000000080065a8       0xc4 build_ball_catch/mbmrtu.o
 .text.eMBMSerialRTUFrameSend
                0x000000000800666c       0xd0 build_ball_catch/mbmrtu.o
 .text.eMBMSerialRTUFrameClose
                0x000000000800673c       0x18 build_ball_catch/mbmrtu.o
 .text.eMBMSerialRTUInit
                0x0000000008006754      0x118 build_ball_catch/mbmrtu.o
                0x0000000008006754                eMBMSerialRTUInit
 .text.vMBMReadHoldingRegistersPolled
                0x000000000800686c      0x136 build_ball_catch/mbmfuncholding.o
                0x000000000800686c                vMBMReadHoldingRegistersPolled
 .text.eMBMReadHoldingRegisters
                0x00000000080069a2       0x42 build_ball_catch/mbmfuncholding.o
                0x00000000080069a2                eMBMReadHoldingRegisters
 .text.vMBMReadCoilsPolled
                0x00000000080069e4      0x114 build_ball_catch/mbmfunccoils.o
                0x00000000080069e4                vMBMReadCoilsPolled
 .text.eMBMReadCoils
                0x0000000008006af8       0x42 build_ball_catch/mbmfunccoils.o
                0x0000000008006af8                eMBMReadCoils
 .text.vMBMReadDiscreteInputsPolled
                0x0000000008006b3a      0x114 build_ball_catch/mbmfuncdisc.o
                0x0000000008006b3a                vMBMReadDiscreteInputsPolled
 .text.eMBMReadDiscreteInputs
                0x0000000008006c4e       0x42 build_ball_catch/mbmfuncdisc.o
                0x0000000008006c4e                eMBMReadDiscreteInputs
 .text.vMBMReadInputRegistersPolled
                0x0000000008006c90      0x120 build_ball_catch/mbmfuncinput.o
                0x0000000008006c90                vMBMReadInputRegistersPolled
 .text.eMBMReadInputRegisters
                0x0000000008006db0       0x42 build_ball_catch/mbmfuncinput.o
                0x0000000008006db0                eMBMReadInputRegisters
 *fill*         0x0000000008006df2        0x2 
 .text.eMBPEventCreate
                0x0000000008006df4       0x5c build_ball_catch/mbportevent.o
                0x0000000008006df4                eMBPEventCreate
 .text.eMBPEventPost
                0x0000000008006e50       0x2c build_ball_catch/mbportevent.o
                0x0000000008006e50                eMBPEventPost
 .text.bMBPEventGet
                0x0000000008006e7c       0x34 build_ball_catch/mbportevent.o
                0x0000000008006e7c                bMBPEventGet
 .text.vMBPEventDelete
                0x0000000008006eb0       0x2c build_ball_catch/mbportevent.o
                0x0000000008006eb0                vMBPEventDelete
 .text.vMBPAssert
                0x0000000008006edc       0x1c build_ball_catch/mbportother.o
                0x0000000008006edc                vMBPAssert
 .text.vMBPEnterCritical
                0x0000000008006ef8        0x4 build_ball_catch/mbportother.o
                0x0000000008006ef8                vMBPEnterCritical
 .text.vMBPExitCritical
                0x0000000008006efc        0x4 build_ball_catch/mbportother.o
                0x0000000008006efc                vMBPExitCritical
 .text.eMBPSerialInit
                0x0000000008006f00      0x144 build_ball_catch/mbportserial.o
                0x0000000008006f00                eMBPSerialInit
 .text.eMBPSerialClose
                0x0000000008007044       0x58 build_ball_catch/mbportserial.o
                0x0000000008007044                eMBPSerialClose
 .text.eMBPSerialTxEnable
                0x000000000800709c       0x70 build_ball_catch/mbportserial.o
                0x000000000800709c                eMBPSerialTxEnable
 .text.eMBPSerialRxEnable
                0x000000000800710c       0x5c build_ball_catch/mbportserial.o
                0x000000000800710c                eMBPSerialRxEnable
 .text.vMBPUSART2ISR
                0x0000000008007168       0xec build_ball_catch/mbportserial.o
                0x0000000008007168                vMBPUSART2ISR
 .text.eMBPTimerInit
                0x0000000008007254       0xec build_ball_catch/mbporttimer.o
                0x0000000008007254                eMBPTimerInit
 .text.vMBPTimerClose
                0x0000000008007340       0x28 build_ball_catch/mbporttimer.o
                0x0000000008007340                vMBPTimerClose
 .text.eMBPTimerStart
                0x0000000008007368       0x2c build_ball_catch/mbporttimer.o
                0x0000000008007368                eMBPTimerStart
 .text.eMBPTimerStop
                0x0000000008007394       0x30 build_ball_catch/mbporttimer.o
                0x0000000008007394                eMBPTimerStop
 .text.vMBPTimerISR
                0x00000000080073c4       0x58 build_ball_catch/mbporttimer.o
                0x00000000080073c4                vMBPTimerISR
 .text.GPIO_Init
                0x000000000800741c       0x78 build_ball_catch/stm32l1xx_gpio.o
                0x000000000800741c                GPIO_Init
 .text.GPIO_ReadInputDataBit
                0x0000000008007494        0xc build_ball_catch/stm32l1xx_gpio.o
                0x0000000008007494                GPIO_ReadInputDataBit
 .text.GPIO_SetBits
                0x00000000080074a0        0x4 build_ball_catch/stm32l1xx_gpio.o
                0x00000000080074a0                GPIO_SetBits
 .text.GPIO_ResetBits
                0x00000000080074a4        0x4 build_ball_catch/stm32l1xx_gpio.o
                0x00000000080074a4                GPIO_ResetBits
 .text.GPIO_PinAFConfig
                0x00000000080074a8       0x24 build_ball_catch/stm32l1xx_gpio.o
                0x00000000080074a8                GPIO_PinAFConfig
 .text.RCC_HSICmd
                0x00000000080074cc        0xc build_ball_catch/stm32l1xx_rcc.o
                0x00000000080074cc                RCC_HSICmd
 .text.RCC_GetClocksFreq
                0x00000000080074d8       0x9c build_ball_catch/stm32l1xx_rcc.o
                0x00000000080074d8                RCC_GetClocksFreq
 .text.RCC_AHBPeriphClockCmd
                0x0000000008007574       0x18 build_ball_catch/stm32l1xx_rcc.o
                0x0000000008007574                RCC_AHBPeriphClockCmd
 .text.RCC_APB2PeriphClockCmd
                0x000000000800758c       0x18 build_ball_catch/stm32l1xx_rcc.o
                0x000000000800758c                RCC_APB2PeriphClockCmd
 .text.RCC_APB1PeriphClockCmd
                0x00000000080075a4       0x18 build_ball_catch/stm32l1xx_rcc.o
                0x00000000080075a4                RCC_APB1PeriphClockCmd
 .text.RCC_APB2PeriphResetCmd
                0x00000000080075bc       0x18 build_ball_catch/stm32l1xx_rcc.o
                0x00000000080075bc                RCC_APB2PeriphResetCmd
 .text.RCC_APB1PeriphResetCmd
                0x00000000080075d4       0x18 build_ball_catch/stm32l1xx_rcc.o
                0x00000000080075d4                RCC_APB1PeriphResetCmd
 .text.RCC_GetFlagStatus
                0x00000000080075ec       0x20 build_ball_catch/stm32l1xx_rcc.o
                0x00000000080075ec                RCC_GetFlagStatus
 .text.USART_DeInit
                0x000000000800760c       0x9c build_ball_catch/stm32l1xx_usart.o
                0x000000000800760c                USART_DeInit
 .text.USART_Init
                0x00000000080076a8       0xa4 build_ball_catch/stm32l1xx_usart.o
                0x00000000080076a8                USART_Init
 .text.USART_ClockInit
                0x000000000800774c       0x20 build_ball_catch/stm32l1xx_usart.o
                0x000000000800774c                USART_ClockInit
 .text.USART_Cmd
                0x000000000800776c       0x18 build_ball_catch/stm32l1xx_usart.o
                0x000000000800776c                USART_Cmd
 .text.USART_SendData
                0x0000000008007784        0x8 build_ball_catch/stm32l1xx_usart.o
                0x0000000008007784                USART_SendData
 .text.USART_ReceiveData
                0x000000000800778c        0x8 build_ball_catch/stm32l1xx_usart.o
                0x000000000800778c                USART_ReceiveData
 .text.USART_ITConfig
                0x0000000008007794       0x30 build_ball_catch/stm32l1xx_usart.o
                0x0000000008007794                USART_ITConfig
 .text.USART_GetFlagStatus
                0x00000000080077c4        0xc build_ball_catch/stm32l1xx_usart.o
                0x00000000080077c4                USART_GetFlagStatus
 .text.USART_GetITStatus
                0x00000000080077d0       0x3e build_ball_catch/stm32l1xx_usart.o
                0x00000000080077d0                USART_GetITStatus
 .text.USART_ClearITPendingBit
                0x000000000800780e        0xe build_ball_catch/stm32l1xx_usart.o
                0x000000000800780e                USART_ClearITPendingBit
 .text.SPI_I2S_DeInit
                0x000000000800781c       0x64 build_ball_catch/stm32l1xx_spi.o
                0x000000000800781c                SPI_I2S_DeInit
 .text.SPI_Init
                0x0000000008007880       0x3e build_ball_catch/stm32l1xx_spi.o
                0x0000000008007880                SPI_Init
 .text.SPI_Cmd  0x00000000080078be       0x18 build_ball_catch/stm32l1xx_spi.o
                0x00000000080078be                SPI_Cmd
 .text.SPI_I2S_ReceiveData
                0x00000000080078d6        0x6 build_ball_catch/stm32l1xx_spi.o
                0x00000000080078d6                SPI_I2S_ReceiveData
 .text.SPI_I2S_SendData
                0x00000000080078dc        0x4 build_ball_catch/stm32l1xx_spi.o
                0x00000000080078dc                SPI_I2S_SendData
 .text.SPI_I2S_GetFlagStatus
                0x00000000080078e0        0xc build_ball_catch/stm32l1xx_spi.o
                0x00000000080078e0                SPI_I2S_GetFlagStatus
 .text.NVIC_PriorityGroupConfig
                0x00000000080078ec       0x14 build_ball_catch/misc.o
                0x00000000080078ec                NVIC_PriorityGroupConfig
 .text.NVIC_Init
                0x0000000008007900       0x58 build_ball_catch/misc.o
                0x0000000008007900                NVIC_Init
 .text.EXTI_GetFlagStatus
                0x0000000008007958       0x14 build_ball_catch/stm32l1xx_exti.o
                0x0000000008007958                EXTI_GetFlagStatus
 .text.EXTI_GetITStatus
                0x000000000800796c        0x4 build_ball_catch/stm32l1xx_exti.o
                0x000000000800796c                EXTI_GetITStatus
 .text.EXTI_ClearITPendingBit
                0x0000000008007970        0xc build_ball_catch/stm32l1xx_exti.o
                0x0000000008007970                EXTI_ClearITPendingBit
 .text.TIM_DeInit
                0x000000000800797c       0xe4 build_ball_catch/stm32l1xx_tim.o
                0x000000000800797c                TIM_DeInit
 .text.TIM_TimeBaseInit
                0x0000000008007a60       0x58 build_ball_catch/stm32l1xx_tim.o
                0x0000000008007a60                TIM_TimeBaseInit
 .text.TIM_ARRPreloadConfig
                0x0000000008007ab8       0x18 build_ball_catch/stm32l1xx_tim.o
                0x0000000008007ab8                TIM_ARRPreloadConfig
 .text.TIM_Cmd  0x0000000008007ad0       0x18 build_ball_catch/stm32l1xx_tim.o
                0x0000000008007ad0                TIM_Cmd
 .text.TIM_OC3Init
                0x0000000008007ae8       0x3c build_ball_catch/stm32l1xx_tim.o
                0x0000000008007ae8                TIM_OC3Init
 .text.TIM_OC3PreloadConfig
                0x0000000008007b24       0x10 build_ball_catch/stm32l1xx_tim.o
                0x0000000008007b24                TIM_OC3PreloadConfig
 .text.TIM_ITConfig
                0x0000000008007b34       0x12 build_ball_catch/stm32l1xx_tim.o
                0x0000000008007b34                TIM_ITConfig
 .text.TIM_GetITStatus
                0x0000000008007b46       0x16 build_ball_catch/stm32l1xx_tim.o
                0x0000000008007b46                TIM_GetITStatus
 .text.TIM_ClearITPendingBit
                0x0000000008007b5c        0x8 build_ball_catch/stm32l1xx_tim.o
                0x0000000008007b5c                TIM_ClearITPendingBit
 .text.ADC_Init
                0x0000000008007b64       0x4c build_ball_catch/stm32l1xx_adc.o
                0x0000000008007b64                ADC_Init
 .text.ADC_Cmd  0x0000000008007bb0       0x12 build_ball_catch/stm32l1xx_adc.o
                0x0000000008007bb0                ADC_Cmd
 *fill*         0x0000000008007bc2        0x2 
 .text.ADC_TempSensorVrefintCmd
                0x0000000008007bc4       0x18 build_ball_catch/stm32l1xx_adc.o
                0x0000000008007bc4                ADC_TempSensorVrefintCmd
 .text.ADC_RegularChannelConfig
                0x0000000008007bdc      0x104 build_ball_catch/stm32l1xx_adc.o
                0x0000000008007bdc                ADC_RegularChannelConfig
 .text.ADC_SoftwareStartConv
                0x0000000008007ce0        0xa build_ball_catch/stm32l1xx_adc.o
                0x0000000008007ce0                ADC_SoftwareStartConv
 .text.ADC_GetConversionValue
                0x0000000008007cea        0x6 build_ball_catch/stm32l1xx_adc.o
                0x0000000008007cea                ADC_GetConversionValue
 .text.ADC_GetFlagStatus
                0x0000000008007cf0        0xc build_ball_catch/stm32l1xx_adc.o
                0x0000000008007cf0                ADC_GetFlagStatus
 .text.PWR_UltraLowPowerCmd
                0x0000000008007cfc        0xc build_ball_catch/stm32l1xx_pwr.o
                0x0000000008007cfc                PWR_UltraLowPowerCmd
 .text.PWR_EnterSTOPMode
                0x0000000008007d08       0x34 build_ball_catch/stm32l1xx_pwr.o
                0x0000000008007d08                PWR_EnterSTOPMode
 .text.FLASH_Lock
                0x0000000008007d3c       0x10 build_ball_catch/stm32l1xx_flash.o
                0x0000000008007d3c                FLASH_Lock
 .text.DATA_EEPROM_Unlock
                0x0000000008007d4c       0x20 build_ball_catch/stm32l1xx_flash.o
                0x0000000008007d4c                DATA_EEPROM_Unlock
 .text.FLASH_Unlock
                0x0000000008007d6c       0x2c build_ball_catch/stm32l1xx_flash.o
                0x0000000008007d6c                FLASH_Unlock
 .text.DATA_EEPROM_Lock
                0x0000000008007d98       0x10 build_ball_catch/stm32l1xx_flash.o
                0x0000000008007d98                DATA_EEPROM_Lock
 .text.FLASH_OB_Unlock
                0x0000000008007da8       0x2c build_ball_catch/stm32l1xx_flash.o
                0x0000000008007da8                FLASH_OB_Unlock
 .text.FLASH_OB_Launch
                0x0000000008007dd4       0x10 build_ball_catch/stm32l1xx_flash.o
                0x0000000008007dd4                FLASH_OB_Launch
 .text.FLASH_OB_GetBOR
                0x0000000008007de4       0x10 build_ball_catch/stm32l1xx_flash.o
                0x0000000008007de4                FLASH_OB_GetBOR
 .text.FLASH_ClearFlag
                0x0000000008007df4        0xc build_ball_catch/stm32l1xx_flash.o
                0x0000000008007df4                FLASH_ClearFlag
 .text.FLASH_GetStatus
                0x0000000008007e00       0x28 build_ball_catch/stm32l1xx_flash.o
                0x0000000008007e00                FLASH_GetStatus
 .text.FLASH_WaitForLastOperation
                0x0000000008007e28       0x3c build_ball_catch/stm32l1xx_flash.o
                0x0000000008007e28                FLASH_WaitForLastOperation
 .text.FLASH_ErasePage
                0x0000000008007e64       0x44 build_ball_catch/stm32l1xx_flash.o
                0x0000000008007e64                FLASH_ErasePage
 .text.FLASH_FastProgramWord
                0x0000000008007ea8       0x22 build_ball_catch/stm32l1xx_flash.o
                0x0000000008007ea8                FLASH_FastProgramWord
 .text.DATA_EEPROM_EraseWord
                0x0000000008007eca       0x16 build_ball_catch/stm32l1xx_flash.o
                0x0000000008007eca                DATA_EEPROM_EraseWord
 .text.DATA_EEPROM_FastProgramWord
                0x0000000008007ee0       0x30 build_ball_catch/stm32l1xx_flash.o
                0x0000000008007ee0                DATA_EEPROM_FastProgramWord
 .text.DATA_EEPROM_ProgramByte
                0x0000000008007f10       0x4c build_ball_catch/stm32l1xx_flash.o
                0x0000000008007f10                DATA_EEPROM_ProgramByte
 .text.FLASH_OB_BORConfig
                0x0000000008007f5c       0x3c build_ball_catch/stm32l1xx_flash.o
                0x0000000008007f5c                FLASH_OB_BORConfig
 .text.IWDG_WriteAccessCmd
                0x0000000008007f98        0xc build_ball_catch/stm32l1xx_iwdg.o
                0x0000000008007f98                IWDG_WriteAccessCmd
 .text.IWDG_SetPrescaler
                0x0000000008007fa4        0xc build_ball_catch/stm32l1xx_iwdg.o
                0x0000000008007fa4                IWDG_SetPrescaler
 .text.IWDG_SetReload
                0x0000000008007fb0        0xc build_ball_catch/stm32l1xx_iwdg.o
                0x0000000008007fb0                IWDG_SetReload
 .text.IWDG_ReloadCounter
                0x0000000008007fbc       0x10 build_ball_catch/stm32l1xx_iwdg.o
                0x0000000008007fbc                IWDG_ReloadCounter
 .text.IWDG_Enable
                0x0000000008007fcc       0x10 build_ball_catch/stm32l1xx_iwdg.o
                0x0000000008007fcc                IWDG_Enable
 .text.I2C_SendData
                0x0000000008007fdc        0x4 build_ball_catch/stm32l1xx_i2c.o
                0x0000000008007fdc                I2C_SendData
 .text.I2C_CheckEvent
                0x0000000008007fe0       0x18 build_ball_catch/stm32l1xx_i2c.o
                0x0000000008007fe0                I2C_CheckEvent
 .text.disable_interrupts
                0x0000000008007ff8       0x10 build_ball_catch/platform.o
                0x0000000008007ff8                disable_interrupts
 .text.entry_critical
                0x0000000008008008       0x14 build_ball_catch/platform.o
                0x0000000008008008                entry_critical
 .text.exit_critical
                0x000000000800801c       0x30 build_ball_catch/platform.o
                0x000000000800801c                exit_critical
 .text.default_handler
                0x000000000800804c       0x1c build_ball_catch/system.o
                0x000000000800804c                svc_handler
                0x000000000800804c                default_handler
                0x000000000800804c                dg_monitor_handler
                0x000000000800804c                pendsv_handler
 .text.nmi_handler
                0x0000000008008068       0x1c build_ball_catch/system.o
                0x0000000008008068                nmi_handler
 .text.hard_fault_handler
                0x0000000008008084       0x1c build_ball_catch/system.o
                0x0000000008008084                hard_fault_handler
 .text.mem_manage_handler
                0x00000000080080a0       0x1c build_ball_catch/system.o
                0x00000000080080a0                mem_manage_handler
 .text.bus_fault_handler
                0x00000000080080bc       0x1c build_ball_catch/system.o
                0x00000000080080bc                bus_fault_handler
 .text.usage_fault_handler
                0x00000000080080d8       0x1c build_ball_catch/system.o
                0x00000000080080d8                usage_fault_handler
 .text.systick_handler
                0x00000000080080f4       0x40 build_ball_catch/system.o
                0x00000000080080f4                systick_handler
 .text.uart1_irq
                0x0000000008008134       0x64 build_ball_catch/system.o
                0x0000000008008134                uart1_irq
 .text.exti_line1_irq
                0x0000000008008198       0x1c build_ball_catch/system.o
                0x0000000008008198                exti_line1_irq
 .text.timer7_irq
                0x00000000080081b4       0x24 build_ball_catch/system.o
                0x00000000080081b4                timer7_irq
 .text.sys_ctrl_delay
                0x00000000080081d8        0xc build_ball_catch/system.o
                0x00000000080081d8                sys_ctrl_delay
 .text.sys_ctrl_millis
                0x00000000080081e4       0x1c build_ball_catch/system.o
                0x00000000080081e4                sys_ctrl_millis
 .text._init    0x0000000008008200        0x2 build_ball_catch/system.o
                0x0000000008008200                _init
 .text._fini    0x0000000008008202        0x2 build_ball_catch/system.o
                0x0000000008008202                _fini
 .text.sys_stack_count_init
                0x0000000008008204       0x3c build_ball_catch/system.o
                0x0000000008008204                sys_stack_count_init
 .text.reset_handler
                0x0000000008008240       0xc8 build_ball_catch/system.o
                0x0000000008008240                reset_handler
 .text.sys_stack_usage
                0x0000000008008308       0x20 build_ball_catch/system.o
                0x0000000008008308                sys_stack_usage
 .text.sys_stack_get_size
                0x0000000008008328        0xc build_ball_catch/system.o
                0x0000000008008328                sys_stack_get_size
 .text.sys_ctrl_shell_put_char_block
                0x0000000008008334       0x2c build_ball_catch/sys_cfg.o
                0x0000000008008334                sys_ctrl_shell_put_char_block
 .text.sys_cfg_clock
                0x0000000008008360       0x22 build_ball_catch/sys_cfg.o
                0x0000000008008360                sys_cfg_clock
 *fill*         0x0000000008008382        0x2 
 .text.sys_cfg_tick
                0x0000000008008384       0x50 build_ball_catch/sys_cfg.o
                0x0000000008008384                sys_cfg_tick
 .text.sys_cfg_svc
                0x00000000080083d4       0x30 build_ball_catch/sys_cfg.o
                0x00000000080083d4                sys_cfg_svc
 .text.sys_cfg_pendsv
                0x0000000008008404       0x34 build_ball_catch/sys_cfg.o
                0x0000000008008404                sys_cfg_pendsv
 .text.sys_cfg_update_info
                0x0000000008008438      0x108 build_ball_catch/sys_cfg.o
                0x0000000008008438                sys_cfg_update_info
 .text.sys_ctrl_shell_sw_to_block
                0x0000000008008540       0x38 build_ball_catch/sys_cfg.o
                0x0000000008008540                sys_ctrl_shell_sw_to_block
 .text.sys_cfg_console
                0x0000000008008578       0xd8 build_ball_catch/sys_cfg.o
                0x0000000008008578                sys_cfg_console
 .text.sys_ctrl_shell_get_char
                0x0000000008008650       0x34 build_ball_catch/sys_cfg.o
                0x0000000008008650                sys_ctrl_shell_get_char
 .text.sys_ctrl_reset
                0x0000000008008684       0x20 build_ball_catch/sys_cfg.o
                0x0000000008008684                sys_ctrl_reset
 .text.sys_ctrl_delay_us
                0x00000000080086a4       0x58 build_ball_catch/sys_cfg.o
                0x00000000080086a4                sys_ctrl_delay_us
 .text.sys_ctrl_delay_ms
                0x00000000080086fc       0x1e build_ball_catch/sys_cfg.o
                0x00000000080086fc                sys_ctrl_delay_ms
 *fill*         0x000000000800871a        0x2 
 .text.sys_ctr_stop_mcu
                0x000000000800871c       0xa8 build_ball_catch/sys_cfg.o
                0x000000000800871c                sys_ctr_stop_mcu
 .text.sys_ctrl_independent_watchdog_init
                0x00000000080087c4       0x24 build_ball_catch/sys_cfg.o
                0x00000000080087c4                sys_ctrl_independent_watchdog_init
 .text.sys_ctrl_independent_watchdog_reset
                0x00000000080087e8       0x12 build_ball_catch/sys_cfg.o
                0x00000000080087e8                sys_ctrl_independent_watchdog_reset
 *fill*         0x00000000080087fa        0x2 
 .text.sys_ctrl_soft_watchdog_init
                0x00000000080087fc       0x68 build_ball_catch/sys_cfg.o
                0x00000000080087fc                sys_ctrl_soft_watchdog_init
 .text.sys_ctrl_soft_watchdog_reset
                0x0000000008008864       0x18 build_ball_catch/sys_cfg.o
                0x0000000008008864                sys_ctrl_soft_watchdog_reset
 .text.sys_ctrl_soft_watchdog_increase_counter
                0x000000000800887c       0x40 build_ball_catch/sys_cfg.o
                0x000000000800887c                sys_ctrl_soft_watchdog_increase_counter
 .text.sys_ctrl_get_firmware_info
                0x00000000080088bc       0x40 build_ball_catch/sys_cfg.o
                0x00000000080088bc                sys_ctrl_get_firmware_info
 .text.task_irq_io_entry_trigger
                0x00000000080088fc        0x2 build_ball_catch/sys_cfg.o
                0x00000000080088fc                task_irq_io_entry_trigger
 .text.task_irq_io_exit_trigger
                0x00000000080088fe        0x2 build_ball_catch/sys_cfg.o
                0x00000000080088fe                task_irq_io_exit_trigger
 .text.io_button_mode_init
                0x0000000008008900       0x28 build_ball_catch/io_cfg.o
                0x0000000008008900                io_button_mode_init
 .text.io_button_up_init
                0x0000000008008928       0x28 build_ball_catch/io_cfg.o
                0x0000000008008928                io_button_up_init
 .text.io_button_down_init
                0x0000000008008950       0x28 build_ball_catch/io_cfg.o
                0x0000000008008950                io_button_down_init
 .text.io_button_mode_read
                0x0000000008008978        0xc build_ball_catch/io_cfg.o
                0x0000000008008978                io_button_mode_read
 .text.io_button_up_read
                0x0000000008008984       0x10 build_ball_catch/io_cfg.o
                0x0000000008008984                io_button_up_read
 .text.io_button_down_read
                0x0000000008008994        0xc build_ball_catch/io_cfg.o
                0x0000000008008994                io_button_down_read
 .text.led_life_init
                0x00000000080089a0       0x28 build_ball_catch/io_cfg.o
                0x00000000080089a0                led_life_init
 .text.led_life_on
                0x00000000080089c8       0x10 build_ball_catch/io_cfg.o
                0x00000000080089c8                led_life_on
 .text.led_life_off
                0x00000000080089d8       0x10 build_ball_catch/io_cfg.o
                0x00000000080089d8                led_life_off
 .text.flash_io_ctrl_init
                0x00000000080089e8       0x28 build_ball_catch/io_cfg.o
                0x00000000080089e8                flash_io_ctrl_init
 .text.flash_cs_low
                0x0000000008008a10       0x10 build_ball_catch/io_cfg.o
                0x0000000008008a10                flash_cs_low
 .text.flash_cs_high
                0x0000000008008a20       0x10 build_ball_catch/io_cfg.o
                0x0000000008008a20                flash_cs_high
 .text.flash_transfer
                0x0000000008008a30       0x98 build_ball_catch/io_cfg.o
                0x0000000008008a30                flash_transfer
 .text.io_cfg_adc1
                0x0000000008008ac8       0x48 build_ball_catch/io_cfg.o
                0x0000000008008ac8                io_cfg_adc1
 .text.adc_bat_io_cfg
                0x0000000008008b10       0x2c build_ball_catch/io_cfg.o
                0x0000000008008b10                adc_bat_io_cfg
 *fill*         0x0000000008008b3c        0x4 
 .text.sys_ctr_get_vbat_voltage
                0x0000000008008b40       0x90 build_ball_catch/io_cfg.o
                0x0000000008008b40                sys_ctr_get_vbat_voltage
 .text.sys_ctr_get_mcu_temperature
                0x0000000008008bd0       0x6c build_ball_catch/io_cfg.o
                0x0000000008008bd0                sys_ctr_get_mcu_temperature
 .text.oled_clk_input_mode
                0x0000000008008c3c       0x28 build_ball_catch/io_cfg.o
                0x0000000008008c3c                oled_clk_input_mode
 .text.oled_clk_output_mode
                0x0000000008008c64       0x28 build_ball_catch/io_cfg.o
                0x0000000008008c64                oled_clk_output_mode
 .text.oled_clk_digital_write_low
                0x0000000008008c8c       0x10 build_ball_catch/io_cfg.o
                0x0000000008008c8c                oled_clk_digital_write_low
 .text.oled_clk_digital_write_high
                0x0000000008008c9c       0x10 build_ball_catch/io_cfg.o
                0x0000000008008c9c                oled_clk_digital_write_high
 .text.oled_data_input_mode
                0x0000000008008cac       0x28 build_ball_catch/io_cfg.o
                0x0000000008008cac                oled_data_input_mode
 .text.oled_data_output_mode
                0x0000000008008cd4       0x28 build_ball_catch/io_cfg.o
                0x0000000008008cd4                oled_data_output_mode
 .text.oled_data_digital_write_low
                0x0000000008008cfc       0x10 build_ball_catch/io_cfg.o
                0x0000000008008cfc                oled_data_digital_write_low
 .text.oled_data_digital_write_high
                0x0000000008008d0c       0x10 build_ball_catch/io_cfg.o
                0x0000000008008d0c                oled_data_digital_write_high
 .text.oled_res_input_mode
                0x0000000008008d1c       0x28 build_ball_catch/io_cfg.o
                0x0000000008008d1c                oled_res_input_mode
 .text.oled_res_output_mode
                0x0000000008008d44       0x28 build_ball_catch/io_cfg.o
                0x0000000008008d44                oled_res_output_mode
 .text.oled_res_digital_write_low
                0x0000000008008d6c       0x10 build_ball_catch/io_cfg.o
                0x0000000008008d6c                oled_res_digital_write_low
 .text.oled_res_digital_write_high
                0x0000000008008d7c       0x10 build_ball_catch/io_cfg.o
                0x0000000008008d7c                oled_res_digital_write_high
 .text.io_eeprom_read
                0x0000000008008d8c       0x34 build_ball_catch/io_cfg.o
                0x0000000008008d8c                io_eeprom_read
 .text.io_eeprom_write
                0x0000000008008dc0       0x48 build_ball_catch/io_cfg.o
                0x0000000008008dc0                io_eeprom_write
 .text.io_eeprom_erase
                0x0000000008008e08       0x4c build_ball_catch/io_cfg.o
                0x0000000008008e08                io_eeprom_erase
 .text.internal_flash_unlock
                0x0000000008008e54       0x12 build_ball_catch/io_cfg.o
                0x0000000008008e54                internal_flash_unlock
 .text.internal_flash_lock
                0x0000000008008e66        0x4 build_ball_catch/io_cfg.o
                0x0000000008008e66                internal_flash_lock
 .text.internal_flash_erase_pages_cal
                0x0000000008008e6a       0x24 build_ball_catch/io_cfg.o
                0x0000000008008e6a                internal_flash_erase_pages_cal
 .text.internal_flash_write_cal
                0x0000000008008e8e       0x48 build_ball_catch/io_cfg.o
                0x0000000008008e8e                internal_flash_write_cal
 *fill*         0x0000000008008ed6        0x2 
 .text.io_uart2_cfg
                0x0000000008008ed8       0xbc build_ball_catch/io_cfg.o
                0x0000000008008ed8                io_uart2_cfg
 .text.io_uart_rs485_cfg
                0x0000000008008f94       0x78 build_ball_catch/io_cfg.o
                0x0000000008008f94                io_uart_rs485_cfg
 .text.io_rs485_dir_mode_output
                0x000000000800900c       0x30 build_ball_catch/io_cfg.o
                0x000000000800900c                io_rs485_dir_mode_output
 .text.io_rs485_dir_low
                0x000000000800903c        0xc build_ball_catch/io_cfg.o
                0x000000000800903c                io_rs485_dir_low
 .text.io_rs485_dir_high
                0x0000000008009048        0xc build_ball_catch/io_cfg.o
                0x0000000008009048                io_rs485_dir_high
 .text.SystemInit
                0x0000000008009054      0x114 build_ball_catch/system_stm32l1xx.o
                0x0000000008009054                SystemInit
 .text.SystemCoreClockUpdate
                0x0000000008009168       0x88 build_ball_catch/system_stm32l1xx.o
                0x0000000008009168                SystemCoreClockUpdate
 .text._ZL16view_scr_startupv
                0x00000000080091f0       0x94 build_ball_catch/scr_startup.o
 .text._Z18scr_startup_handleP8ak_msg_t
                0x0000000008009284       0x58 build_ball_catch/scr_startup.o
                0x0000000008009284                scr_startup_handle(ak_msg_t*)
 .text._Z11item_renderv
                0x00000000080092dc       0xa4 build_ball_catch/scr_title.o
                0x00000000080092dc                item_render()
 .text._Z17task_title_screenP8ak_msg_t
                0x0000000008009380       0x58 build_ball_catch/scr_title.o
                0x0000000008009380                task_title_screen(ak_msg_t*)
 .text._Z9init_gamev
                0x00000000080093d8       0x84 build_ball_catch/scr_game.o
                0x00000000080093d8                init_game()
 .text._Z21is_touching_side_wallR6ball_t
                0x000000000800945c       0x20 build_ball_catch/scr_game.o
                0x000000000800945c                is_touching_side_wall(ball_t&)
 .text._Z19is_touching_ceilingR6ball_t
                0x000000000800947c       0x1c build_ball_catch/scr_game.o
                0x000000000800947c                is_touching_ceiling(ball_t&)
 .text._Z15is_touching_barR6ball_t
                0x0000000008009498       0x58 build_ball_catch/scr_game.o
                0x0000000008009498                is_touching_bar(ball_t&)
 .text._Z12is_game_overR6ball_t
                0x00000000080094f0       0x6c build_ball_catch/scr_game.o
                0x00000000080094f0                is_game_over(ball_t&)
 .text._Z16is_ball_spawningv
                0x000000000800955c       0x68 build_ball_catch/scr_game.o
                0x000000000800955c                is_ball_spawning()
 .text._Z18change_ball_coordsv
                0x00000000080095c4       0x50 build_ball_catch/scr_game.o
                0x00000000080095c4                change_ball_coords()
 .text._Z16task_game_screenP8ak_msg_t
                0x0000000008009614       0x60 build_ball_catch/scr_game.o
                0x0000000008009614                task_game_screen(ak_msg_t*)
 .text.startup._GLOBAL__sub_I_game_data
                0x0000000008009674       0x18 build_ball_catch/scr_game.o
 .text._Z11render_gamev
                0x000000000800968c       0xcc build_ball_catch/scr_game.o
                0x000000000800968c                render_game()
 .text._Z14render_optionsv
                0x0000000008009758       0xe8 build_ball_catch/scr_settings.o
                0x0000000008009758                render_options()
 .text._Z20task_settings_screenP8ak_msg_t
                0x0000000008009840       0x7c build_ball_catch/scr_settings.o
                0x0000000008009840                task_settings_screen(ak_msg_t*)
 .text._Z16render_game_overv
                0x00000000080098bc       0xd8 build_ball_catch/scr_game_over.o
                0x00000000080098bc                render_game_over()
 .text._Z21task_game_over_screenP8ak_msg_t
                0x0000000008009994       0x60 build_ball_catch/scr_game_over.o
                0x0000000008009994                task_game_over_screen(ak_msg_t*)
 .text.startup._GLOBAL__sub_I_game_over_data
                0x00000000080099f4       0x1c build_ball_catch/scr_game_over.o
 .text._Z11task_systemP8ak_msg_t
                0x0000000008009a10       0x44 build_ball_catch/task_system.o
                0x0000000008009a10                task_system(ak_msg_t*)
 .text.main_app
                0x0000000008009a54      0x294 build_ball_catch/app.o
                0x0000000008009a54                main_app
 .text._Z19task_polling_zigbeev
                0x0000000008009ce8        0x2 build_ball_catch/app.o
                0x0000000008009ce8                task_polling_zigbee()
 *fill*         0x0000000008009cea        0x2 
 .text._Z20task_polling_consolev
                0x0000000008009cec       0xd8 build_ball_catch/app.o
                0x0000000008009cec                task_polling_console()
 .text.sys_irq_timer_10ms
                0x0000000008009dc4       0x24 build_ball_catch/app.o
                0x0000000008009dc4                sys_irq_timer_10ms
 .text._Z17btn_mode_callbackPv
                0x0000000008009de8       0x16 build_ball_catch/app_bsp.o
                0x0000000008009de8                btn_mode_callback(void*)
 .text._Z15btn_up_callbackPv
                0x0000000008009dfe       0x16 build_ball_catch/app_bsp.o
                0x0000000008009dfe                btn_up_callback(void*)
 .text._Z17btn_down_callbackPv
                0x0000000008009e14       0x16 build_ball_catch/app_bsp.o
                0x0000000008009e14                btn_down_callback(void*)
 *fill*         0x0000000008009e2a        0x2 
 .text._Z22updateDataModbusDeviceP21ModbusDeviceStructure
                0x0000000008009e2c       0xc4 build_ball_catch/app_modbus_pull.o
                0x0000000008009e2c                updateDataModbusDevice(ModbusDeviceStructure*)
 .text._ZL19str_parser_get_attrh
                0x0000000008009ef0       0x1c build_ball_catch/shell.o
 .text._Z9shell_sttPh
                0x0000000008009f0c        0x4 build_ball_catch/shell.o
                0x0000000008009f0c                shell_stt(unsigned char*)
 .text._Z9shell_psvPh
                0x0000000008009f10       0x14 build_ball_catch/shell.o
                0x0000000008009f10                shell_psv(unsigned char*)
 .text._Z11shell_resetPh
                0x0000000008009f24       0x10 build_ball_catch/shell.o
                0x0000000008009f24                shell_reset(unsigned char*)
 .text._Z10shell_helpPh
                0x0000000008009f34       0x30 build_ball_catch/shell.o
                0x0000000008009f34                shell_help(unsigned char*)
 .text._Z9shell_verPh
                0x0000000008009f64      0x118 build_ball_catch/shell.o
                0x0000000008009f64                shell_ver(unsigned char*)
 .text._Z12shell_rebootPh
                0x000000000800a07c       0x10 build_ball_catch/shell.o
                0x000000000800a07c                shell_reboot(unsigned char*)
 .text._ZL10str_parserPc
                0x000000000800a08c       0x60 build_ball_catch/shell.o
 .text._Z11shell_fatalPh
                0x000000000800a0ec      0x2f4 build_ball_catch/shell.o
                0x000000000800a0ec                shell_fatal(unsigned char*)
 .text._Z11shell_flashPh
                0x000000000800a3e0      0x150 build_ball_catch/shell.o
                0x000000000800a3e0                shell_flash(unsigned char*)
 .text._Z9shell_epsPh
                0x000000000800a530       0xd0 build_ball_catch/shell.o
                0x000000000800a530                shell_eps(unsigned char*)
 .text._Z9shell_ramPh
                0x000000000800a600      0x20c build_ball_catch/shell.o
                0x000000000800a600                shell_ram(unsigned char*)
 .text._Z10shell_bootPh
                0x000000000800a80c       0xdc build_ball_catch/shell.o
                0x000000000800a80c                shell_boot(unsigned char*)
 .text._Z9shell_fwuPh
                0x000000000800a8e8       0x34 build_ball_catch/shell.o
                0x000000000800a8e8                shell_fwu(unsigned char*)
 .text._Z12shell_buzzerPh
                0x000000000800a91c       0x9c build_ball_catch/shell.o
                0x000000000800a91c                shell_buzzer(unsigned char*)
 .text._Z9shell_dbgPh
                0x000000000800a9b8       0x38 build_ball_catch/shell.o
                0x000000000800a9b8                shell_dbg(unsigned char*)
 .text._Z12shell_modbusPh
                0x000000000800a9f0       0xe0 build_ball_catch/shell.o
                0x000000000800a9f0                shell_modbus(unsigned char*)
 .text._Z9shell_epiPh
                0x000000000800aad0        0x4 build_ball_catch/shell.o
                0x000000000800aad0                shell_epi(unsigned char*)
 .text._Z26shell_lcd_dump_framebufferv
                0x000000000800aad4       0x8c build_ball_catch/shell.o
                0x000000000800aad4                shell_lcd_dump_framebuffer()
 .text._Z9shell_lcdPh
                0x000000000800ab60      0x160 build_ball_catch/shell.o
                0x000000000800ab60                shell_lcd(unsigned char*)
 .text.sys_irq_shell
                0x000000000800acc0       0x2c build_ball_catch/task_shell.o
                0x000000000800acc0                sys_irq_shell
 .text._Z10task_shellP8ak_msg_t
                0x000000000800acec       0x7c build_ball_catch/task_shell.o
                0x000000000800acec                task_shell(ak_msg_t*)
 .text._Z9task_lifeP8ak_msg_t
                0x000000000800ad68       0x20 build_ball_catch/task_life.o
                0x000000000800ad68                task_life(ak_msg_t*)
 .text._Z7task_fwP8ak_msg_t
                0x000000000800ad88      0x490 build_ball_catch/task_fw.o
                0x000000000800ad88                task_fw(ak_msg_t*)
 .text._Z12task_displayP8ak_msg_t
                0x000000000800b218        0x4 build_ball_catch/task_display.o
                0x000000000800b218                task_display(ak_msg_t*)
 .text._Z7task_ifP8ak_msg_t
                0x000000000800b21c       0xe4 build_ball_catch/task_if.o
                0x000000000800b21c                task_if(ak_msg_t*)
 .text._Z12task_rf24_ifP8ak_msg_t
                0x000000000800b300        0x2 build_ball_catch/task_rf24_if.o
                0x000000000800b300                task_rf24_if(ak_msg_t*)
 *fill*         0x000000000800b302        0x2 
 .text._Z12task_uart_ifP8ak_msg_t
                0x000000000800b304       0xc4 build_ball_catch/task_uart_if.o
                0x000000000800b304                task_uart_if(ak_msg_t*)
 .text._Z8task_dbgP8ak_msg_t
                0x000000000800b3c8        0x2 build_ball_catch/task_dbg.o
                0x000000000800b3c8                task_dbg(ak_msg_t*)
 .text._ZL19view_render_dynamicPv
                0x000000000800b3ca        0xa build_ball_catch/view_render.o
 .text._Z22view_render_display_onv
                0x000000000800b3d4        0xc build_ball_catch/view_render.o
                0x000000000800b3d4                view_render_display_on()
 .text.startup._GLOBAL__sub_I_view_render
                0x000000000800b3e0        0xc build_ball_catch/view_render.o
 .text.exit._GLOBAL__sub_D_view_render
                0x000000000800b3ec        0xc build_ball_catch/view_render.o
 .text._Z18view_render_screenP13view_screen_t
                0x000000000800b3f8       0x68 build_ball_catch/view_render.o
                0x000000000800b3f8                view_render_screen(view_screen_t*)
 .text._ZL21view_render_rectanglePv
                0x000000000800b460       0xe8 build_ball_catch/view_render.o
 .text._ZL21scr_mng_render_screenv
                0x000000000800b548       0x44 build_ball_catch/screen_manager.o
 .text._Z12scr_mng_ctorP9scr_mng_tPFvP8ak_msg_tEP13view_screen_t
                0x000000000800b58c       0x20 build_ball_catch/screen_manager.o
                0x000000000800b58c                scr_mng_ctor(scr_mng_t*, void (*)(ak_msg_t*), view_screen_t*)
 .text._Z16scr_mng_dispatchP8ak_msg_t
                0x000000000800b5ac       0x30 build_ball_catch/screen_manager.o
                0x000000000800b5ac                scr_mng_dispatch(ak_msg_t*)
 .text._Z12scr_mng_tranPFvP8ak_msg_tEP13view_screen_t
                0x000000000800b5dc       0x40 build_ball_catch/screen_manager.o
                0x000000000800b5dc                scr_mng_tran(void (*)(ak_msg_t*), view_screen_t*)
 .text._ZN12Adafruit_GFX8drawLineEsssst
                0x000000000800b61c       0xbe build_ball_catch/Adafruit_GFX.o
                0x000000000800b61c                Adafruit_GFX::drawLine(short, short, short, short, unsigned short)
 .text._ZN12Adafruit_GFX8drawRectEsssst
                0x000000000800b6da       0x68 build_ball_catch/Adafruit_GFX.o
                0x000000000800b6da                Adafruit_GFX::drawRect(short, short, short, short, unsigned short)
 .text._ZN12Adafruit_GFX13drawFastVLineEssst
                0x000000000800b742       0x1c build_ball_catch/Adafruit_GFX.o
                0x000000000800b742                Adafruit_GFX::drawFastVLine(short, short, short, unsigned short)
 .text._ZN12Adafruit_GFX13drawFastHLineEssst
                0x000000000800b75e       0x1a build_ball_catch/Adafruit_GFX.o
                0x000000000800b75e                Adafruit_GFX::drawFastHLine(short, short, short, unsigned short)
 .text._ZN12Adafruit_GFX8fillRectEsssst
                0x000000000800b778       0x38 build_ball_catch/Adafruit_GFX.o
                0x000000000800b778                Adafruit_GFX::fillRect(short, short, short, short, unsigned short)
 .text._ZN12Adafruit_GFX10fillScreenEt
                0x000000000800b7b0       0x1c build_ball_catch/Adafruit_GFX.o
                0x000000000800b7b0                Adafruit_GFX::fillScreen(unsigned short)
 .text._ZN12Adafruit_GFXC2Ess
                0x000000000800b7cc       0x28 build_ball_catch/Adafruit_GFX.o
                0x000000000800b7cc                Adafruit_GFX::Adafruit_GFX(short, short)
                0x000000000800b7cc                Adafruit_GFX::Adafruit_GFX(short, short)
 .text._ZN12Adafruit_GFX10drawCircleEssst
                0x000000000800b7f4      0x172 build_ball_catch/Adafruit_GFX.o
                0x000000000800b7f4                Adafruit_GFX::drawCircle(short, short, short, unsigned short)
 .text._ZN12Adafruit_GFX10drawBitmapEssPKhsst
                0x000000000800b966       0x92 build_ball_catch/Adafruit_GFX.o
                0x000000000800b966                Adafruit_GFX::drawBitmap(short, short, unsigned char const*, short, short, unsigned short)
 .text._ZN12Adafruit_GFX8drawCharEsshtth
                0x000000000800b9f8      0x108 build_ball_catch/Adafruit_GFX.o
                0x000000000800b9f8                Adafruit_GFX::drawChar(short, short, unsigned char, unsigned short, unsigned short, unsigned char)
 .text._ZN12Adafruit_GFX5writeEh
                0x000000000800bb00       0x64 build_ball_catch/Adafruit_GFX.o
                0x000000000800bb00                Adafruit_GFX::write(unsigned char)
 .text._ZN12Adafruit_GFX9setCursorEss
                0x000000000800bb64        0x6 build_ball_catch/Adafruit_GFX.o
                0x000000000800bb64                Adafruit_GFX::setCursor(short, short)
 .text._ZN12Adafruit_GFX11setTextSizeEh
                0x000000000800bb6a        0xa build_ball_catch/Adafruit_GFX.o
                0x000000000800bb6a                Adafruit_GFX::setTextSize(unsigned char)
 .text._ZN12Adafruit_GFX12setTextColorEt
                0x000000000800bb74        0x6 build_ball_catch/Adafruit_GFX.o
                0x000000000800bb74                Adafruit_GFX::setTextColor(unsigned short)
 .text._ZN12Adafruit_GFX5widthEv
                0x000000000800bb7a        0x6 build_ball_catch/Adafruit_GFX.o
                0x000000000800bb7a                Adafruit_GFX::width()
 .text._ZN12Adafruit_GFX6heightEv
                0x000000000800bb80        0x6 build_ball_catch/Adafruit_GFX.o
                0x000000000800bb80                Adafruit_GFX::height()
 .text._ZN17Adafruit_oled_drv9updateRowEii
                0x000000000800bb86       0x1e build_ball_catch/Adafruit_oled_drv.o
                0x000000000800bb86                Adafruit_oled_drv::updateRow(int, int)
 .text._ZN17Adafruit_oled_drv9drawPixelEsst
                0x000000000800bba4       0x52 build_ball_catch/Adafruit_oled_drv.o
                0x000000000800bba4                Adafruit_oled_drv::drawPixel(short, short, unsigned short)
 *fill*         0x000000000800bbf6        0x2 
 .text._ZN17Adafruit_oled_drvC2Ev
                0x000000000800bbf8       0x28 build_ball_catch/Adafruit_oled_drv.o
                0x000000000800bbf8                Adafruit_oled_drv::Adafruit_oled_drv()
                0x000000000800bbf8                Adafruit_oled_drv::Adafruit_oled_drv()
 .text._ZN17Adafruit_oled_drvD2Ev
                0x000000000800bc20        0x2 build_ball_catch/Adafruit_oled_drv.o
                0x000000000800bc20                Adafruit_oled_drv::~Adafruit_oled_drv()
                0x000000000800bc20                Adafruit_oled_drv::~Adafruit_oled_drv()
 .text._ZNK17Adafruit_oled_drv14getFrameBufferEv
                0x000000000800bc22        0x4 build_ball_catch/Adafruit_oled_drv.o
                0x000000000800bc22                Adafruit_oled_drv::getFrameBuffer() const
 .text._ZNK17Adafruit_oled_drv18getFrameBufferSizeEv
                0x000000000800bc26        0x6 build_ball_catch/Adafruit_oled_drv.o
                0x000000000800bc26                Adafruit_oled_drv::getFrameBufferSize() const
 .text._ZN17Adafruit_oled_drv5clearEb
                0x000000000800bc2c       0x22 build_ball_catch/Adafruit_oled_drv.o
                0x000000000800bc2c                Adafruit_oled_drv::clear(bool)
 .text._ZN17Adafruit_oled_drv9writeByteEh
                0x000000000800bc4e       0x54 build_ball_catch/Adafruit_oled_drv.o
                0x000000000800bc4e                Adafruit_oled_drv::writeByte(unsigned char)
 .text._ZN17Adafruit_oled_drv8startIICEv
                0x000000000800bca2       0x2c build_ball_catch/Adafruit_oled_drv.o
                0x000000000800bca2                Adafruit_oled_drv::startIIC()
 .text._ZN17Adafruit_oled_drv7stopIICEv
                0x000000000800bcce       0x2c build_ball_catch/Adafruit_oled_drv.o
                0x000000000800bcce                Adafruit_oled_drv::stopIIC()
 .text._ZN17Adafruit_oled_drv12writeCommandEh
                0x000000000800bcfa       0x2c build_ball_catch/Adafruit_oled_drv.o
                0x000000000800bcfa                Adafruit_oled_drv::writeCommand(unsigned char)
 *fill*         0x000000000800bd26        0x2 
 .text._ZN17Adafruit_oled_drv10initializeEv
                0x000000000800bd28      0x120 build_ball_catch/Adafruit_oled_drv.o
                0x000000000800bd28                Adafruit_oled_drv::initialize()
 .text._ZN17Adafruit_oled_drv10display_onEv
                0x000000000800be48        0x6 build_ball_catch/Adafruit_oled_drv.o
                0x000000000800be48                Adafruit_oled_drv::display_on()
 .text._ZN17Adafruit_oled_drv11display_offEv
                0x000000000800be4e        0x6 build_ball_catch/Adafruit_oled_drv.o
                0x000000000800be4e                Adafruit_oled_drv::display_off()
 .text._ZN17Adafruit_oled_drv17startDataSequenceEv
                0x000000000800be54       0x1c build_ball_catch/Adafruit_oled_drv.o
                0x000000000800be54                Adafruit_oled_drv::startDataSequence()
 .text._ZN17Adafruit_oled_drv6updateEv
                0x000000000800be70       0x70 build_ball_catch/Adafruit_oled_drv.o
                0x000000000800be70                Adafruit_oled_drv::update()
 .text._ZN17Adafruit_oled_drv9updateRowEi
                0x000000000800bee0       0x6c build_ball_catch/Adafruit_oled_drv.o
                0x000000000800bee0                Adafruit_oled_drv::updateRow(int)
 .text.eeprom_read
                0x000000000800bf4c        0x4 build_ball_catch/eeprom.o
                0x000000000800bf4c                eeprom_read
 .text.eeprom_write
                0x000000000800bf50        0x4 build_ball_catch/eeprom.o
                0x000000000800bf50                eeprom_write
 .text.eeprom_erase
                0x000000000800bf54        0x4 build_ball_catch/eeprom.o
                0x000000000800bf54                eeprom_erase
 .text._ZL19link_hal_write_byteh
                0x000000000800bf58        0x2 build_ball_catch/link_hal.o
 .text._ZL17link_hal_rev_byteh
                0x000000000800bf5a        0x4 build_ball_catch/link_hal.o
 *fill*         0x000000000800bf5e        0x2 
 .text._Z23link_hal_reg_write_bytePFhhE
                0x000000000800bf60       0x28 build_ball_catch/link_hal.o
                0x000000000800bf60                link_hal_reg_write_byte(unsigned char (*)(unsigned char))
 .text._Z21link_hal_reg_rev_bytePFhhE
                0x000000000800bf88       0x28 build_ball_catch/link_hal.o
                0x000000000800bf88                link_hal_reg_rev_byte(unsigned char (*)(unsigned char))
 .text._ZL21fsm_link_state_handleP8ak_msg_t
                0x000000000800bfb0      0x2b0 build_ball_catch/link.o
 .text._ZL19fsm_link_state_initP8ak_msg_t
                0x000000000800c260       0x80 build_ball_catch/link.o
 .text._Z9task_linkP8ak_msg_t
                0x000000000800c2e0        0xc build_ball_catch/link.o
                0x000000000800c2e0                task_link(ak_msg_t*)
 .text._Z23link_init_state_machinev
                0x000000000800c2ec       0x2c build_ball_catch/link.o
                0x000000000800c2ec                link_init_state_machine()
 .text._ZL23link_mac_frame_send_reqv
                0x000000000800c318       0x3c build_ball_catch/link_mac.o
 .text._ZL23link_mac_frame_send_endv
                0x000000000800c354       0x34 build_ball_catch/link_mac.o
 .text._ZL28link_mac_frame_cals_checksumP16link_mac_frame_t.constprop.0
                0x000000000800c388       0x38 build_ball_catch/link_mac.o
 .text._Z25fsm_link_mac_state_handleP8ak_msg_t
                0x000000000800c3c0      0x2b8 build_ball_catch/link_mac.o
                0x000000000800c3c0                fsm_link_mac_state_handle(ak_msg_t*)
 .text._Z13task_link_macP8ak_msg_t
                0x000000000800c678        0xc build_ball_catch/link_mac.o
                0x000000000800c678                task_link_mac(ak_msg_t*)
 .text._Z23fsm_link_mac_state_initP8ak_msg_t
                0x000000000800c684       0x88 build_ball_catch/link_mac.o
                0x000000000800c684                fsm_link_mac_state_init(ak_msg_t*)
 .text._ZL26link_phy_frame_write_blockPhm
                0x000000000800c70c       0x1c build_ball_catch/link_phy.o
 .text._ZL20link_phy_frame_writeP16link_phy_frame_t
                0x000000000800c728       0x1c build_ball_catch/link_phy.o
 .text._ZL28link_phy_frame_cals_checksumP16link_phy_frame_t
                0x000000000800c744       0x38 build_ball_catch/link_phy.o
 .text._ZL25link_phy_frame_write_byteh
                0x000000000800c77c        0xc build_ball_catch/link_phy.o
 .text._ZL26ac_link_phy_frame_rev_byteh
                0x000000000800c788      0x100 build_ball_catch/link_phy.o
 .text._ZL19link_phy_frame_sendv
                0x000000000800c888       0x2c build_ball_catch/link_phy.o
 .text._Z25fsm_link_phy_state_handleP8ak_msg_t
                0x000000000800c8b4      0x1f0 build_ball_catch/link_phy.o
                0x000000000800c8b4                fsm_link_phy_state_handle(ak_msg_t*)
 .text._Z13task_link_phyP8ak_msg_t
                0x000000000800caa4        0xc build_ball_catch/link_phy.o
                0x000000000800caa4                task_link_phy(ak_msg_t*)
 .text._Z23fsm_link_phy_state_initP8ak_msg_t
                0x000000000800cab0       0x90 build_ball_catch/link_phy.o
                0x000000000800cab0                fsm_link_phy_state_init(ak_msg_t*)
 .text._Z26link_phy_get_send_frame_tov
                0x000000000800cb40       0x10 build_ball_catch/link_phy.o
                0x000000000800cb40                link_phy_get_send_frame_to()
 .text._Z13link_pdu_initv
                0x000000000800cb50       0x54 build_ball_catch/link_data.o
                0x000000000800cb50                link_pdu_init()
 .text._Z15link_pdu_mallocv
                0x000000000800cba4       0x24 build_ball_catch/link_data.o
                0x000000000800cba4                link_pdu_malloc()
 .text._Z12link_pdu_getm
                0x000000000800cbc8       0x3c build_ball_catch/link_data.o
                0x000000000800cbc8                link_pdu_get(unsigned long)
 .text._Z13link_pdu_freem
                0x000000000800cc04       0x4c build_ball_catch/link_data.o
                0x000000000800cc04                link_pdu_free(unsigned long)
 .text._Z17link_get_src_addrv
                0x000000000800cc50       0x18 build_ball_catch/link_data.o
                0x000000000800cc50                link_get_src_addr()
 .text._Z17link_get_des_addrv
                0x000000000800cc68       0x18 build_ball_catch/link_data.o
                0x000000000800cc68                link_get_des_addr()
 .text._Z7pinModehh
                0x000000000800cc80       0x84 build_ball_catch/wiring_digital.o
                0x000000000800cc80                pinMode(unsigned char, unsigned char)
 .text._Z12digitalWritehh
                0x000000000800cd04       0x78 build_ball_catch/wiring_digital.o
                0x000000000800cd04                digitalWrite(unsigned char, unsigned char)
 .text._ZN5Print5writeEPKhj
                0x000000000800cd7c       0x22 build_ball_catch/Print.o
                0x000000000800cd7c                Print::write(unsigned char const*, unsigned int)
 .text._ZN5Print5writeEPKc
                0x000000000800cd9e       0x20 build_ball_catch/Print.o
                0x000000000800cd9e                Print::write(char const*)
 .text._ZN5Print5printEPKc
                0x000000000800cdbe        0x8 build_ball_catch/Print.o
                0x000000000800cdbe                Print::print(char const*)
 .text._ZN5Print5printEc
                0x000000000800cdc6        0x6 build_ball_catch/Print.o
                0x000000000800cdc6                Print::print(char)
 .text._ZN5Print11printNumberEmh
                0x000000000800cdcc       0x3a build_ball_catch/Print.o
                0x000000000800cdcc                Print::printNumber(unsigned long, unsigned char)
 .text._ZN5Print5printEli.part.0
                0x000000000800ce06       0x28 build_ball_catch/Print.o
 .text._ZN5Print5printEli
                0x000000000800ce2e       0x20 build_ball_catch/Print.o
                0x000000000800ce2e                Print::print(long, int)
 .text._ZN5Print5printEii
                0x000000000800ce4e        0x4 build_ball_catch/Print.o
                0x000000000800ce4e                Print::print(int, int)
 .text._ZN14HardwareSerial9availableEv
                0x000000000800ce52        0xa build_ball_catch/HardwareSerial.o
                0x000000000800ce52                HardwareSerial::available()
 .text._ZN14HardwareSerial4peekEv
                0x000000000800ce5c       0x14 build_ball_catch/HardwareSerial.o
                0x000000000800ce5c                HardwareSerial::peek()
 .text._ZN14HardwareSerial4readEv
                0x000000000800ce70       0x20 build_ball_catch/HardwareSerial.o
                0x000000000800ce70                HardwareSerial::read()
 .text._ZN14HardwareSerial5flushEv
                0x000000000800ce90        0x2 build_ball_catch/HardwareSerial.o
                0x000000000800ce90                HardwareSerial::flush()
 .text._ZN14HardwareSerial17availableForWriteEv
                0x000000000800ce92       0x26 build_ball_catch/HardwareSerial.o
                0x000000000800ce92                HardwareSerial::availableForWrite()
 .text._ZN14HardwareSerial5writeEh
                0x000000000800ceb8       0x30 build_ball_catch/HardwareSerial.o
                0x000000000800ceb8                HardwareSerial::write(unsigned char)
 .text._ZL20serial2_trigger_putcv
                0x000000000800cee8       0x10 build_ball_catch/HardwareSerial2.o
 .text.startup._GLOBAL__sub_I_Serial2
                0x000000000800cef8       0x34 build_ball_catch/HardwareSerial2.o
 .text._ZN8SPIClass9io_configEv
                0x000000000800cf2c       0x68 build_ball_catch/SPI.o
                0x000000000800cf2c                SPIClass::io_config()
 .text._ZN8SPIClass5beginEv
                0x000000000800cf94       0xd0 build_ball_catch/SPI.o
                0x000000000800cf94                SPIClass::begin()
 .text.startup._GLOBAL__sub_I__ZN8SPIClassC2Ev
                0x000000000800d064       0x14 build_ball_catch/SPI.o
 .text._ZN7TwoWire9availableEv
                0x000000000800d078       0x14 build_ball_catch/Wire.o
                0x000000000800d078                TwoWire::available()
 .text._ZN7TwoWire4readEv
                0x000000000800d08c       0x28 build_ball_catch/Wire.o
                0x000000000800d08c                TwoWire::read()
 .text._ZN7TwoWire4peekEv
                0x000000000800d0b4       0x24 build_ball_catch/Wire.o
                0x000000000800d0b4                TwoWire::peek()
 .text._ZN7TwoWire5flushEv
                0x000000000800d0d8        0x2 build_ball_catch/Wire.o
                0x000000000800d0d8                TwoWire::flush()
 *fill*         0x000000000800d0da        0x2 
 .text._ZN7TwoWire5writeEh
                0x000000000800d0dc       0x54 build_ball_catch/Wire.o
                0x000000000800d0dc                TwoWire::write(unsigned char)
 .text._ZN7TwoWire5writeEPKhj
                0x000000000800d130       0x34 build_ball_catch/Wire.o
                0x000000000800d130                TwoWire::write(unsigned char const*, unsigned int)
 .text.startup._GLOBAL__sub_I__ZN7TwoWire8rxBufferE
                0x000000000800d164       0x1c build_ball_catch/Wire.o
 .text._Z12twi_transmitPKhh
                0x000000000800d180       0x44 build_ball_catch/twi.o
                0x000000000800d180                twi_transmit(unsigned char const*, unsigned char)
 .text.__cxa_pure_virtual
                0x000000000800d1c4       0x1c build_ball_catch/mini_cpp.o
                0x000000000800d1c4                __cxa_pure_virtual
 .text._sbrk    0x000000000800d1e0       0x1c build_ball_catch/mini_cpp.o
                0x000000000800d1e0                _sbrk
 .text.malloc   0x000000000800d1fc       0x10 /home/vietanh/workspace/tools/gcc-arm-none-eabi-10.3-2021.10/arm-none-eabi/lib/thumb/v7-m/nofp/libc.a(lib_a-malloc.o)
                0x000000000800d1fc                malloc
 .text.free     0x000000000800d20c       0x10 /home/vietanh/workspace/tools/gcc-arm-none-eabi-10.3-2021.10/arm-none-eabi/lib/thumb/v7-m/nofp/libc.a(lib_a-malloc.o)
                0x000000000800d20c                free
 .text._malloc_r
                0x000000000800d21c      0x558 /home/vietanh/workspace/tools/gcc-arm-none-eabi-10.3-2021.10/arm-none-eabi/lib/thumb/v7-m/nofp/libc.a(lib_a-mallocr.o)
                0x000000000800d21c                _malloc_r
 .text.memcmp   0x000000000800d774       0x68 /home/vietanh/workspace/tools/gcc-arm-none-eabi-10.3-2021.10/arm-none-eabi/lib/thumb/v7-m/nofp/libc.a(lib_a-memcmp.o)
                0x000000000800d774                memcmp
 .text.memmove  0x000000000800d7dc       0xf8 /home/vietanh/workspace/tools/gcc-arm-none-eabi-10.3-2021.10/arm-none-eabi/lib/thumb/v7-m/nofp/libc.a(lib_a-memmove.o)
                0x000000000800d7dc                memmove
 .text.memset   0x000000000800d8d4       0xa4 /home/vietanh/workspace/tools/gcc-arm-none-eabi-10.3-2021.10/arm-none-eabi/lib/thumb/v7-m/nofp/libc.a(lib_a-memset.o)
                0x000000000800d8d4                memset
 .text.__malloc_lock
                0x000000000800d978        0xc /home/vietanh/workspace/tools/gcc-arm-none-eabi-10.3-2021.10/arm-none-eabi/lib/thumb/v7-m/nofp/libc.a(lib_a-mlock.o)
                0x000000000800d978                __malloc_lock
 .text.__malloc_unlock
                0x000000000800d984        0xc /home/vietanh/workspace/tools/gcc-arm-none-eabi-10.3-2021.10/arm-none-eabi/lib/thumb/v7-m/nofp/libc.a(lib_a-mlock.o)
                0x000000000800d984                __malloc_unlock
 .text.rand     0x000000000800d990       0x38 /home/vietanh/workspace/tools/gcc-arm-none-eabi-10.3-2021.10/arm-none-eabi/lib/thumb/v7-m/nofp/libc.a(lib_a-rand.o)
                0x000000000800d990                rand
 .text._realloc_r
                0x000000000800d9c8      0x3dc /home/vietanh/workspace/tools/gcc-arm-none-eabi-10.3-2021.10/arm-none-eabi/lib/thumb/v7-m/nofp/libc.a(lib_a-reallocr.o)
                0x000000000800d9c8                _realloc_r
 .text._sbrk_r  0x000000000800dda4       0x24 /home/vietanh/workspace/tools/gcc-arm-none-eabi-10.3-2021.10/arm-none-eabi/lib/thumb/v7-m/nofp/libc.a(lib_a-sbrkr.o)
                0x000000000800dda4                _sbrk_r
 .text.snprintf
                0x000000000800ddc8       0x84 /home/vietanh/workspace/tools/gcc-arm-none-eabi-10.3-2021.10/arm-none-eabi/lib/thumb/v7-m/nofp/libc.a(lib_a-snprintf.o)
                0x000000000800ddc8                snprintf
 .text.strcpy   0x000000000800de4c       0xbc /home/vietanh/workspace/tools/gcc-arm-none-eabi-10.3-2021.10/arm-none-eabi/lib/thumb/v7-m/nofp/libc.a(lib_a-strcpy.o)
                0x000000000800de4c                strcpy
 .text.strlen   0x000000000800df08       0x5c /home/vietanh/workspace/tools/gcc-arm-none-eabi-10.3-2021.10/arm-none-eabi/lib/thumb/v7-m/nofp/libc.a(lib_a-strlen-stub.o)
                0x000000000800df08                strlen
 .text.strncpy  0x000000000800df64       0x68 /home/vietanh/workspace/tools/gcc-arm-none-eabi-10.3-2021.10/arm-none-eabi/lib/thumb/v7-m/nofp/libc.a(lib_a-strncpy.o)
                0x000000000800df64                strncpy
 .text._strtol_l.part.0
                0x000000000800dfcc      0x120 /home/vietanh/workspace/tools/gcc-arm-none-eabi-10.3-2021.10/arm-none-eabi/lib/thumb/v7-m/nofp/libc.a(lib_a-strtol.o)
 .text.strtol   0x000000000800e0ec       0x2c /home/vietanh/workspace/tools/gcc-arm-none-eabi-10.3-2021.10/arm-none-eabi/lib/thumb/v7-m/nofp/libc.a(lib_a-strtol.o)
                0x000000000800e0ec                strtol
 .text._svfprintf_r
                0x000000000800e118     0x1aa4 /home/vietanh/workspace/tools/gcc-arm-none-eabi-10.3-2021.10/arm-none-eabi/lib/thumb/v7-m/nofp/libc.a(lib_a-svfprintf.o)
                0x000000000800e118                _svfprintf_r
 .text.quorem   0x000000000800fbbc      0x12c /home/vietanh/workspace/tools/gcc-arm-none-eabi-10.3-2021.10/arm-none-eabi/lib/thumb/v7-m/nofp/libc.a(lib_a-dtoa.o)
 .text._dtoa_r  0x000000000800fce8      0xecc /home/vietanh/workspace/tools/gcc-arm-none-eabi-10.3-2021.10/arm-none-eabi/lib/thumb/v7-m/nofp/libc.a(lib_a-dtoa.o)
                0x000000000800fce8                _dtoa_r
 .text.__errno  0x0000000008010bb4        0xc /home/vietanh/workspace/tools/gcc-arm-none-eabi-10.3-2021.10/arm-none-eabi/lib/thumb/v7-m/nofp/libc.a(lib_a-errno.o)
                0x0000000008010bb4                __errno
 .text._malloc_trim_r
                0x0000000008010bc0       0xa0 /home/vietanh/workspace/tools/gcc-arm-none-eabi-10.3-2021.10/arm-none-eabi/lib/thumb/v7-m/nofp/libc.a(lib_a-freer.o)
                0x0000000008010bc0                _malloc_trim_r
 .text._free_r  0x0000000008010c60      0x200 /home/vietanh/workspace/tools/gcc-arm-none-eabi-10.3-2021.10/arm-none-eabi/lib/thumb/v7-m/nofp/libc.a(lib_a-freer.o)
                0x0000000008010c60                _free_r
 .text.__locale_mb_cur_max
                0x0000000008010e60        0xc /home/vietanh/workspace/tools/gcc-arm-none-eabi-10.3-2021.10/arm-none-eabi/lib/thumb/v7-m/nofp/libc.a(lib_a-locale.o)
                0x0000000008010e60                __locale_mb_cur_max
 .text._localeconv_r
                0x0000000008010e6c        0x8 /home/vietanh/workspace/tools/gcc-arm-none-eabi-10.3-2021.10/arm-none-eabi/lib/thumb/v7-m/nofp/libc.a(lib_a-localeconv.o)
                0x0000000008010e6c                _localeconv_r
 .text.__retarget_lock_init_recursive
                0x0000000008010e74        0x4 /home/vietanh/workspace/tools/gcc-arm-none-eabi-10.3-2021.10/arm-none-eabi/lib/thumb/v7-m/nofp/libc.a(lib_a-lock.o)
                0x0000000008010e74                __retarget_lock_init_recursive
 .text.__retarget_lock_close_recursive
                0x0000000008010e78        0x4 /home/vietanh/workspace/tools/gcc-arm-none-eabi-10.3-2021.10/arm-none-eabi/lib/thumb/v7-m/nofp/libc.a(lib_a-lock.o)
                0x0000000008010e78                __retarget_lock_close_recursive
 .text.__retarget_lock_acquire_recursive
                0x0000000008010e7c        0x4 /home/vietanh/workspace/tools/gcc-arm-none-eabi-10.3-2021.10/arm-none-eabi/lib/thumb/v7-m/nofp/libc.a(lib_a-lock.o)
                0x0000000008010e7c                __retarget_lock_acquire_recursive
 .text.__retarget_lock_release_recursive
                0x0000000008010e80        0x4 /home/vietanh/workspace/tools/gcc-arm-none-eabi-10.3-2021.10/arm-none-eabi/lib/thumb/v7-m/nofp/libc.a(lib_a-lock.o)
                0x0000000008010e80                __retarget_lock_release_recursive
 .text.__ascii_mbtowc
                0x0000000008010e84       0x2c /home/vietanh/workspace/tools/gcc-arm-none-eabi-10.3-2021.10/arm-none-eabi/lib/thumb/v7-m/nofp/libc.a(lib_a-mbtowc_r.o)
                0x0000000008010e84                __ascii_mbtowc
 .text.memchr   0x0000000008010eb0       0x90 /home/vietanh/workspace/tools/gcc-arm-none-eabi-10.3-2021.10/arm-none-eabi/lib/thumb/v7-m/nofp/libc.a(lib_a-memchr-stub.o)
                0x0000000008010eb0                memchr
 .text._Balloc  0x0000000008010f40       0x4c /home/vietanh/workspace/tools/gcc-arm-none-eabi-10.3-2021.10/arm-none-eabi/lib/thumb/v7-m/nofp/libc.a(lib_a-mprec.o)
                0x0000000008010f40                _Balloc
 .text._Bfree   0x0000000008010f8c       0x14 /home/vietanh/workspace/tools/gcc-arm-none-eabi-10.3-2021.10/arm-none-eabi/lib/thumb/v7-m/nofp/libc.a(lib_a-mprec.o)
                0x0000000008010f8c                _Bfree
 .text.__multadd
                0x0000000008010fa0       0xa4 /home/vietanh/workspace/tools/gcc-arm-none-eabi-10.3-2021.10/arm-none-eabi/lib/thumb/v7-m/nofp/libc.a(lib_a-mprec.o)
                0x0000000008010fa0                __multadd
 .text.__hi0bits
                0x0000000008011044       0x40 /home/vietanh/workspace/tools/gcc-arm-none-eabi-10.3-2021.10/arm-none-eabi/lib/thumb/v7-m/nofp/libc.a(lib_a-mprec.o)
                0x0000000008011044                __hi0bits
 .text.__lo0bits
                0x0000000008011084       0x58 /home/vietanh/workspace/tools/gcc-arm-none-eabi-10.3-2021.10/arm-none-eabi/lib/thumb/v7-m/nofp/libc.a(lib_a-mprec.o)
                0x0000000008011084                __lo0bits
 .text.__i2b    0x00000000080110dc       0x5c /home/vietanh/workspace/tools/gcc-arm-none-eabi-10.3-2021.10/arm-none-eabi/lib/thumb/v7-m/nofp/libc.a(lib_a-mprec.o)
                0x00000000080110dc                __i2b
 .text.__multiply
                0x0000000008011138      0x15c /home/vietanh/workspace/tools/gcc-arm-none-eabi-10.3-2021.10/arm-none-eabi/lib/thumb/v7-m/nofp/libc.a(lib_a-mprec.o)
                0x0000000008011138                __multiply
 .text.__pow5mult
                0x0000000008011294       0xb8 /home/vietanh/workspace/tools/gcc-arm-none-eabi-10.3-2021.10/arm-none-eabi/lib/thumb/v7-m/nofp/libc.a(lib_a-mprec.o)
                0x0000000008011294                __pow5mult
 .text.__lshift
                0x000000000801134c       0xec /home/vietanh/workspace/tools/gcc-arm-none-eabi-10.3-2021.10/arm-none-eabi/lib/thumb/v7-m/nofp/libc.a(lib_a-mprec.o)
                0x000000000801134c                __lshift
 .text.__mcmp   0x0000000008011438       0x40 /home/vietanh/workspace/tools/gcc-arm-none-eabi-10.3-2021.10/arm-none-eabi/lib/thumb/v7-m/nofp/libc.a(lib_a-mprec.o)
                0x0000000008011438                __mcmp
 .text.__mdiff  0x0000000008011478      0x14c /home/vietanh/workspace/tools/gcc-arm-none-eabi-10.3-2021.10/arm-none-eabi/lib/thumb/v7-m/nofp/libc.a(lib_a-mprec.o)
                0x0000000008011478                __mdiff
 .text.__d2b    0x00000000080115c4       0xc4 /home/vietanh/workspace/tools/gcc-arm-none-eabi-10.3-2021.10/arm-none-eabi/lib/thumb/v7-m/nofp/libc.a(lib_a-mprec.o)
                0x00000000080115c4                __d2b
 .text.frexp    0x0000000008011688       0x70 /home/vietanh/workspace/tools/gcc-arm-none-eabi-10.3-2021.10/arm-none-eabi/lib/thumb/v7-m/nofp/libc.a(lib_a-s_frexp.o)
                0x0000000008011688                frexp
 .text.__ssprint_r
                0x00000000080116f8       0xfc /home/vietanh/workspace/tools/gcc-arm-none-eabi-10.3-2021.10/arm-none-eabi/lib/thumb/v7-m/nofp/libc.a(lib_a-svfiprintf.o)
                0x00000000080116f8                __ssprint_r
 .text.__ascii_wctomb
                0x00000000080117f4       0x1c /home/vietanh/workspace/tools/gcc-arm-none-eabi-10.3-2021.10/arm-none-eabi/lib/thumb/v7-m/nofp/libc.a(lib_a-wctomb_r.o)
                0x00000000080117f4                __ascii_wctomb
 .text.__assert_func
                0x0000000008011810       0x40 /home/vietanh/workspace/tools/gcc-arm-none-eabi-10.3-2021.10/arm-none-eabi/lib/thumb/v7-m/nofp/libc.a(lib_a-assert.o)
                0x0000000008011810                __assert_func
 .text._calloc_r