sources/platform/stm32l/io_cfg.c:27:6:io_button_mode_init	16	static
sources/platform/stm32l/io_cfg.c:40:6:io_button_up_init	16	static
sources/platform/stm32l/io_cfg.c:53:6:io_button_down_init	16	static
sources/platform/stm32l/io_cfg.c:66:9:io_button_mode_read	0	static
sources/platform/stm32l/io_cfg.c:70:9:io_button_up_read	0	static
sources/platform/stm32l/io_cfg.c:74:9:io_button_down_read	0	static
sources/platform/stm32l/io_cfg.c:81:6:led_life_init	16	static
sources/platform/stm32l/io_cfg.c:94:6:led_life_on	0	static
sources/platform/stm32l/io_cfg.c:98:6:led_life_off	0	static
sources/platform/stm32l/io_cfg.c:105:6:nrf24l01_io_ctrl_init	40	static
sources/platform/stm32l/io_cfg.c:156:6:nrf24l01_spi_ctrl_init	40	static
sources/platform/stm32l/io_cfg.c:208:6:nrf24l01_ce_low	0	static
sources/platform/stm32l/io_cfg.c:212:6:nrf24l01_ce_high	0	static
sources/platform/stm32l/io_cfg.c:216:6:nrf24l01_csn_low	0	static
sources/platform/stm32l/io_cfg.c:220:6:nrf24l01_csn_high	0	static
sources/platform/stm32l/io_cfg.c:254:6:flash_io_ctrl_init	16	static
sources/platform/stm32l/io_cfg.c:267:6:flash_cs_low	0	static
sources/platform/stm32l/io_cfg.c:271:6:flash_cs_high	0	static
sources/platform/stm32l/io_cfg.c:275:9:flash_transfer	24	static
sources/platform/stm32l/io_cfg.c:224:9:nrf24l01_spi_rw	0	static
sources/platform/stm32l/io_cfg.c:308:6:io_cfg_adc1	32	static
sources/platform/stm32l/io_cfg.c:325:6:adc_bat_io_cfg	16	static
sources/platform/stm32l/io_cfg.c:335:10:adc_bat_io_read	8	static
sources/platform/stm32l/io_cfg.c:346:10:sys_ctr_get_vbat_voltage	16	static
sources/platform/stm32l/io_cfg.c:370:10:sys_ctr_get_mcu_temperature	8	static
sources/platform/stm32l/io_cfg.c:399:6:oled_clk_input_mode	16	static
sources/platform/stm32l/io_cfg.c:411:6:oled_clk_output_mode	16	static
sources/platform/stm32l/io_cfg.c:424:6:oled_clk_digital_write_low	0	static
sources/platform/stm32l/io_cfg.c:428:6:oled_clk_digital_write_high	0	static
sources/platform/stm32l/io_cfg.c:432:5:oled_clk_digital_read	8	static
sources/platform/stm32l/io_cfg.c:436:6:oled_data_input_mode	16	static
sources/platform/stm32l/io_cfg.c:448:6:oled_data_output_mode	16	static
sources/platform/stm32l/io_cfg.c:459:6:oled_data_digital_write_low	0	static
sources/platform/stm32l/io_cfg.c:463:6:oled_data_digital_write_high	0	static
sources/platform/stm32l/io_cfg.c:467:5:oled_data_digital_read	8	static
sources/platform/stm32l/io_cfg.c:472:6:oled_res_input_mode	16	static
sources/platform/stm32l/io_cfg.c:484:6:oled_res_output_mode	16	static
sources/platform/stm32l/io_cfg.c:495:6:oled_res_digital_write_low	0	static
sources/platform/stm32l/io_cfg.c:499:6:oled_res_digital_write_high	0	static
sources/platform/stm32l/io_cfg.c:503:5:oled_res_digital_read	8	static
sources/platform/stm32l/io_cfg.c:512:9:io_eeprom_read	16	static
sources/platform/stm32l/io_cfg.c:528:9:io_eeprom_write	24	static
sources/platform/stm32l/io_cfg.c:557:9:io_eeprom_erase	16	static
sources/platform/stm32l/io_cfg.c:589:6:internal_flash_unlock	8	static
sources/platform/stm32l/io_cfg.c:594:6:internal_flash_lock	0	static
sources/platform/stm32l/io_cfg.c:598:6:internal_flash_erase_pages_cal	16	static
sources/platform/stm32l/io_cfg.c:613:9:internal_flash_write_cal	32	static
sources/platform/stm32l/io_cfg.c:636:6:io_uart2_cfg	48	static
sources/platform/stm32l/io_cfg.c:688:6:io_uart2_putc	8	static
sources/platform/stm32l/io_cfg.c:701:9:io_uart2_getc	16	static
sources/platform/stm32l/io_cfg.c:713:6:io_uart_rs485_cfg	24	static
sources/platform/stm32l/io_cfg.c:752:6:io_rs485_dir_mode_output	16	static
sources/platform/stm32l/io_cfg.c:763:6:io_rs485_dir_low	0	static
sources/platform/stm32l/io_cfg.c:767:6:io_rs485_dir_high	0	static
