sources/platform/stm32l/arduino/cores/IPAddress.cpp:91:8:virtual size_t IPAddress::printTo(Print&) const	32	static
sources/platform/stm32l/arduino/cores/IPAddress.cpp:23:1:IPAddress::IPAddress()	0	static
sources/platform/stm32l/arduino/cores/IPAddress.cpp:27:1:IPAddress::IPAddress(uint8_t, uint8_t, uint8_t, uint8_t)	12	static
sources/platform/stm32l/arduino/cores/IPAddress.cpp:34:1:IPAddress::IPAddress(uint32_t)	0	static
sources/platform/stm32l/arduino/cores/IPAddress.cpp:38:1:IPAddress::IPAddress(const uint8_t*)	0	static
sources/platform/stm32l/arduino/cores/IPAddress.cpp:42:6:bool IPAddress::fromString(const char*)	16	static
sources/platform/stm32l/arduino/cores/IPAddress.cpp:77:12:IPAddress& IPAddress::operator=(const uint8_t*)	0	static
sources/platform/stm32l/arduino/cores/IPAddress.cpp:82:12:IPAddress& IPAddress::operator=(uint32_t)	0	static
sources/platform/stm32l/arduino/cores/IPAddress.cpp:87:6:bool IPAddress::operator==(const uint8_t*) const	8	static
sources/platform/stm32l/arduino/cores/IPAddress.cpp:99:1:cpp)	0	static
