sources/ak/src/message.c:277:6:free_common_msg	8	static
sources/ak/src/message.c:201:6:free_pure_msg	8	static
sources/ak/src/message.c:353:6:free_dynamic_msg	8	static
sources/ak/src/message.c:41:6:msg_init	8	static
sources/ak/src/message.c:75:6:msg_force_free	8	static
sources/ak/src/message.c:97:6:msg_inc_ref_count	8	static
sources/ak/src/message.c:106:6:msg_dec_ref_count	8	static
sources/ak/src/message.c:47:6:msg_free	8	static
sources/ak/src/message.c:115:7:ak_malloc	16	static
sources/ak/src/message.c:134:6:ak_free	0	static
sources/ak/src/message.c:164:10:get_pure_msg_pool_used	0	static
sources/ak/src/message.c:168:10:get_pure_msg_pool_used_max	0	static
sources/ak/src/message.c:172:11:get_pure_msg	8	static
sources/ak/src/message.c:238:10:get_common_msg_pool_used	0	static
sources/ak/src/message.c:242:10:get_common_msg_pool_used_max	0	static
sources/ak/src/message.c:246:11:get_common_msg	8	static
sources/ak/src/message.c:288:9:set_data_common_msg	16	static
sources/ak/src/message.c:303:10:get_data_common_msg	8	static
sources/ak/src/message.c:311:9:get_data_len_common_msg	8	static
sources/ak/src/message.c:345:10:get_dynamic_msg_pool_used	0	static
sources/ak/src/message.c:349:10:get_dynamic_msg_pool_used_max	0	static
sources/ak/src/message.c:366:11:get_dynamic_msg	8	static
sources/ak/src/message.c:398:9:set_data_dynamic_msg	16	static
sources/ak/src/message.c:410:10:get_data_dynamic_msg	8	static
sources/ak/src/message.c:418:10:get_data_len_dynamic_msg	0	static
sources/ak/src/message.c:425:6:msg_dbg_dum	32	static
