sources/platform/stm32l/arduino/cores/Print.cpp:33:8:virtual size_t Print::write(const uint8_t*, size_t)	24	static
sources/platform/stm32l/arduino/cores/Print.h:56:9:size_t Print::write(const char*)	16	static
sources/platform/stm32l/arduino/cores/Print.cpp:41:8:size_t Print::print(const char*)	8	static
sources/platform/stm32l/arduino/cores/Print.cpp:45:8:size_t Print::print(char)	0	static
sources/platform/stm32l/arduino/cores/Print.cpp:89:8:size_t Print::print(const Printable&)	0	static
sources/platform/stm32l/arduino/cores/Print.cpp:93:8:size_t Print::println()	16	static
sources/platform/stm32l/arduino/cores/Print.cpp:99:8:size_t Print::println(const char*)	16	static
sources/platform/stm32l/arduino/cores/Print.cpp:105:8:size_t Print::println(char)	16	static
sources/platform/stm32l/arduino/cores/Print.cpp:147:8:size_t Print::println(const Printable&)	16	static
sources/platform/stm32l/arduino/cores/Print.cpp:155:8:size_t Print::printNumber(long unsigned int, uint8_t)	56	static
sources/platform/stm32l/arduino/cores/Print.cpp:61:8:size_t Print::print(long int, int)	16	static
sources/platform/stm32l/arduino/cores/Print.cpp:61:8:size_t Print::print(long int, int)	4	static
sources/platform/stm32l/arduino/cores/Print.cpp:53:8:size_t Print::print(int, int)	0	static
sources/platform/stm32l/arduino/cores/Print.cpp:117:8:size_t Print::println(int, int)	16	static
sources/platform/stm32l/arduino/cores/Print.cpp:129:8:size_t Print::println(long int, int)	16	static
sources/platform/stm32l/arduino/cores/Print.cpp:78:8:size_t Print::print(long unsigned int, int)	4	static
sources/platform/stm32l/arduino/cores/Print.cpp:49:8:size_t Print::print(unsigned char, int)	0	static
sources/platform/stm32l/arduino/cores/Print.cpp:111:8:size_t Print::println(unsigned char, int)	16	static
sources/platform/stm32l/arduino/cores/Print.cpp:57:8:size_t Print::print(unsigned int, int)	0	static
sources/platform/stm32l/arduino/cores/Print.cpp:123:8:size_t Print::println(unsigned int, int)	16	static
sources/platform/stm32l/arduino/cores/Print.cpp:135:8:size_t Print::println(long unsigned int, int)	16	static
sources/platform/stm32l/arduino/cores/Print.cpp:175:8:size_t Print::printFloat(double, uint8_t)	40	static
sources/platform/stm32l/arduino/cores/Print.cpp:85:8:size_t Print::print(double, int)	0	static
sources/platform/stm32l/arduino/cores/Print.cpp:141:8:size_t Print::println(double, int)	24	static
