sources/app/screens/scr_game.cpp:43:6:void init_game()	24	static
sources/app/screens/scr_game.cpp:61:6:void is_touching_side_wall(ball_t&)	8	static
sources/app/screens/scr_game.cpp:68:6:void is_touching_ceiling(ball_t&)	8	static
sources/app/screens/scr_game.cpp:75:6:void is_touching_bar(ball_t&)	16	static
sources/app/screens/scr_game.cpp:87:6:void is_game_over(ball_t&)	16	static
sources/app/screens/scr_game.cpp:107:6:void is_ball_spawning()	24	static
sources/app/screens/scr_game.cpp:118:6:void change_ball_coords()	24	static
sources/app/screens/scr_game.cpp:132:6:void task_game_screen(ak_msg_t*)	0	static
sources/app/screens/scr_game.cpp:163:1:cpp)	0	static
sources/app/screens/scr_game.cpp:5:6:void render_game()	40	static
