sources/common/screen_manager.cpp:26:13:void scr_mng_render_screen()	16	static
sources/common/screen_manager.cpp:45:6:void scr_mng_ctor(scr_mng_t*, screen_f, view_screen_t*)	8	static
sources/common/screen_manager.cpp:55:6:void scr_mng_dispatch(ak_msg_t*)	8	static
sources/common/screen_manager.cpp:64:6:void scr_mng_tran(screen_f, view_screen_t*)	8	static
sources/common/screen_manager.cpp:79:6:void scr_mng_contain_screen_none_update_mark()	0	static
sources/common/screen_manager.cpp:83:10:void (* scr_mng_get_current_screen())(ak_msg_t*)	0	static
