sources/app/shell.cpp:148:7:char* str_parser_get_attr(uint8_t)	0	static
sources/app/shell.cpp:413:9:int32_t shell_stt(uint8_t*)	0	static
sources/app/shell.cpp:923:9:int32_t shell_psv(uint8_t*)	0	static
sources/app/shell.cpp:159:9:int32_t shell_reset(uint8_t*)	8	static
sources/app/shell.cpp:198:9:int32_t shell_help(uint8_t*)	16	static
sources/app/shell.cpp:165:9:int32_t shell_ver(uint8_t*)	40	static
sources/app/shell.cpp:213:9:int32_t shell_reboot(uint8_t*)	8	static
sources/app/shell.cpp:121:9:uint8_t str_parser(char*)	24	static
sources/app/shell.cpp:220:9:int32_t shell_fatal(uint8_t*)	128	static
sources/app/shell.cpp:474:9:int32_t shell_flash(uint8_t*)	32	static
sources/app/shell.cpp:423:9:int32_t shell_eps(uint8_t*)	24	static
sources/app/shell.cpp:691:9:int32_t shell_ram(uint8_t*)	24	static
sources/app/shell.cpp:843:9:int32_t shell_boot(uint8_t*)	104	static
sources/app/shell.cpp:906:9:int32_t shell_fwu(uint8_t*)	96	static
sources/app/shell.cpp:929:9:int32_t shell_buzzer(uint8_t*)	8	static
sources/app/shell.cpp:657:9:int32_t shell_dbg(uint8_t*)	8	static
sources/app/shell.cpp:974:9:int32_t shell_modbus(uint8_t*)	24	static
sources/app/shell.cpp:418:9:int32_t shell_epi(uint8_t*)	0	static
sources/app/shell.cpp:629:6:void shell_lcd_dump_framebuffer()	32	static
sources/app/shell.cpp:545:9:int32_t shell_lcd(uint8_t*)	8	static
