sources/platform/stm32l/Libraries/STM32L1xx_StdPeriph_Driver/src/stm32l1xx_flash.c:188:6:FLASH_SetLatency	0	static
sources/platform/stm32l/Libraries/STM32L1xx_StdPeriph_Driver/src/stm32l1xx_flash.c:211:6:FLASH_PrefetchBufferCmd	0	static
sources/platform/stm32l/Libraries/STM32L1xx_StdPeriph_Driver/src/stm32l1xx_flash.c:235:6:FLASH_ReadAccess64Cmd	0	static
sources/platform/stm32l/Libraries/STM32L1xx_StdPeriph_Driver/src/stm32l1xx_flash.c:254:6:FLASH_SLEEPPowerDownCmd	0	static
sources/platform/stm32l/Libraries/STM32L1xx_StdPeriph_Driver/src/stm32l1xx_flash.c:318:6:FLASH_Lock	0	static
sources/platform/stm32l/Libraries/STM32L1xx_StdPeriph_Driver/src/stm32l1xx_flash.c:440:6:DATA_EEPROM_Unlock	0	static
sources/platform/stm32l/Libraries/STM32L1xx_StdPeriph_Driver/src/stm32l1xx_flash.c:302:6:FLASH_Unlock	8	static
sources/platform/stm32l/Libraries/STM32L1xx_StdPeriph_Driver/src/stm32l1xx_flash.c:453:6:DATA_EEPROM_Lock	0	static
sources/platform/stm32l/Libraries/STM32L1xx_StdPeriph_Driver/src/stm32l1xx_flash.c:464:6:DATA_EEPROM_FixedTimeProgramCmd	0	static
sources/platform/stm32l/Libraries/STM32L1xx_StdPeriph_Driver/src/stm32l1xx_flash.c:944:6:FLASH_OB_Unlock	8	static
sources/platform/stm32l/Libraries/STM32L1xx_StdPeriph_Driver/src/stm32l1xx_flash.c:960:6:FLASH_OB_Lock	0	static
sources/platform/stm32l/Libraries/STM32L1xx_StdPeriph_Driver/src/stm32l1xx_flash.c:970:6:FLASH_OB_Launch	0	static
sources/platform/stm32l/Libraries/STM32L1xx_StdPeriph_Driver/src/stm32l1xx_flash.c:1537:9:FLASH_OB_GetUser	0	static
sources/platform/stm32l/Libraries/STM32L1xx_StdPeriph_Driver/src/stm32l1xx_flash.c:1549:10:FLASH_OB_GetWRP	0	static
sources/platform/stm32l/Libraries/STM32L1xx_StdPeriph_Driver/src/stm32l1xx_flash.c:1563:10:FLASH_OB_GetWRP1	0	static
sources/platform/stm32l/Libraries/STM32L1xx_StdPeriph_Driver/src/stm32l1xx_flash.c:1576:10:FLASH_OB_GetWRP2	0	static
sources/platform/stm32l/Libraries/STM32L1xx_StdPeriph_Driver/src/stm32l1xx_flash.c:1589:10:FLASH_OB_GetWRP3	0	static
sources/platform/stm32l/Libraries/STM32L1xx_StdPeriph_Driver/src/stm32l1xx_flash.c:1599:12:FLASH_OB_GetRDP	0	static
sources/platform/stm32l/Libraries/STM32L1xx_StdPeriph_Driver/src/stm32l1xx_flash.c:1617:12:FLASH_OB_GetSPRMOD	0	static
sources/platform/stm32l/Libraries/STM32L1xx_StdPeriph_Driver/src/stm32l1xx_flash.c:1638:9:FLASH_OB_GetBOR	0	static
sources/platform/stm32l/Libraries/STM32L1xx_StdPeriph_Driver/src/stm32l1xx_flash.c:1668:6:FLASH_ITConfig	0	static
sources/platform/stm32l/Libraries/STM32L1xx_StdPeriph_Driver/src/stm32l1xx_flash.c:1699:12:FLASH_GetFlagStatus	0	static
sources/platform/stm32l/Libraries/STM32L1xx_StdPeriph_Driver/src/stm32l1xx_flash.c:1728:6:FLASH_ClearFlag	0	static
sources/platform/stm32l/Libraries/STM32L1xx_StdPeriph_Driver/src/stm32l1xx_flash.c:1742:14:FLASH_GetStatus	0	static
sources/platform/stm32l/Libraries/STM32L1xx_StdPeriph_Driver/src/stm32l1xx_flash.c:1771:14:FLASH_WaitForLastOperation	16	static
sources/platform/stm32l/Libraries/STM32L1xx_StdPeriph_Driver/src/stm32l1xx_flash.c:335:14:FLASH_ErasePage	16	static
sources/platform/stm32l/Libraries/STM32L1xx_StdPeriph_Driver/src/stm32l1xx_flash.c:378:14:FLASH_FastProgramWord	16	static
sources/platform/stm32l/Libraries/STM32L1xx_StdPeriph_Driver/src/stm32l1xx_flash.c:851:14:DATA_EEPROM_ProgramWord	0	static
sources/platform/stm32l/Libraries/STM32L1xx_StdPeriph_Driver/src/stm32l1xx_flash.c:489:14:DATA_EEPROM_EraseByte	8	static
sources/platform/stm32l/Libraries/STM32L1xx_StdPeriph_Driver/src/stm32l1xx_flash.c:520:14:DATA_EEPROM_EraseHalfWord	8	static
sources/platform/stm32l/Libraries/STM32L1xx_StdPeriph_Driver/src/stm32l1xx_flash.c:551:14:DATA_EEPROM_EraseWord	8	static
sources/platform/stm32l/Libraries/STM32L1xx_StdPeriph_Driver/src/stm32l1xx_flash.c:702:14:DATA_EEPROM_FastProgramWord	16	static
sources/platform/stm32l/Libraries/STM32L1xx_StdPeriph_Driver/src/stm32l1xx_flash.c:582:14:DATA_EEPROM_FastProgramByte	16	static
sources/platform/stm32l/Libraries/STM32L1xx_StdPeriph_Driver/src/stm32l1xx_flash.c:639:14:DATA_EEPROM_FastProgramHalfWord	16	static
sources/platform/stm32l/Libraries/STM32L1xx_StdPeriph_Driver/src/stm32l1xx_flash.c:739:14:DATA_EEPROM_ProgramByte	16	static
sources/platform/stm32l/Libraries/STM32L1xx_StdPeriph_Driver/src/stm32l1xx_flash.c:792:14:DATA_EEPROM_ProgramHalfWord	16	static
sources/platform/stm32l/Libraries/STM32L1xx_StdPeriph_Driver/src/stm32l1xx_flash.c:988:14:FLASH_OB_WRPConfig	16	static
sources/platform/stm32l/Libraries/STM32L1xx_StdPeriph_Driver/src/stm32l1xx_flash.c:1045:14:FLASH_OB_WRP1Config	16	static
sources/platform/stm32l/Libraries/STM32L1xx_StdPeriph_Driver/src/stm32l1xx_flash.c:1101:14:FLASH_OB_WRP2Config	16	static
sources/platform/stm32l/Libraries/STM32L1xx_StdPeriph_Driver/src/stm32l1xx_flash.c:1157:14:FLASH_OB_WRP3Config	16	static
sources/platform/stm32l/Libraries/STM32L1xx_StdPeriph_Driver/src/stm32l1xx_flash.c:1214:14:FLASH_OB_RDPConfig	8	static
sources/platform/stm32l/Libraries/STM32L1xx_StdPeriph_Driver/src/stm32l1xx_flash.c:1252:14:FLASH_OB_PCROPConfig	16	static
sources/platform/stm32l/Libraries/STM32L1xx_StdPeriph_Driver/src/stm32l1xx_flash.c:1308:14:FLASH_OB_PCROP1Config	16	static
sources/platform/stm32l/Libraries/STM32L1xx_StdPeriph_Driver/src/stm32l1xx_flash.c:1361:14:FLASH_OB_PCROPSelectionConfig	8	static
sources/platform/stm32l/Libraries/STM32L1xx_StdPeriph_Driver/src/stm32l1xx_flash.c:1411:14:FLASH_OB_UserConfig	24	static
sources/platform/stm32l/Libraries/STM32L1xx_StdPeriph_Driver/src/stm32l1xx_flash.c:1456:14:FLASH_OB_BORConfig	16	static
sources/platform/stm32l/Libraries/STM32L1xx_StdPeriph_Driver/src/stm32l1xx_flash.c:1503:14:FLASH_OB_BootConfig	16	static
