sources/platform/stm32l/sys_cfg.c:228:6:sys_ctrl_shell_put_char_block	8	static
sources/platform/stm32l/sys_cfg.c:210:6:sys_ctrl_shell_put_char	16	static
sources/platform/stm32l/sys_cfg.c:42:6:sys_cfg_clock	8	static
sources/platform/stm32l/sys_cfg.c:54:6:sys_cfg_tick	24	static
sources/platform/stm32l/sys_cfg.c:128:6:sys_cfg_svc	16	static
sources/platform/stm32l/sys_cfg.c:139:6:sys_cfg_pendsv	16	static
sources/platform/stm32l/sys_cfg.c:150:6:sys_cfg_update_info	48	static
sources/platform/stm32l/sys_cfg.c:241:6:sys_ctrl_shell_sw_to_block	8	static
sources/platform/stm32l/sys_cfg.c:72:6:sys_cfg_console	48	static
sources/platform/stm32l/sys_cfg.c:252:6:sys_ctrl_shell_sw_to_nonblock	8	static
sources/platform/stm32l/sys_cfg.c:259:9:sys_ctrl_shell_get_char	16	static
sources/platform/stm32l/sys_cfg.c:270:6:sys_ctrl_reset	0	static
sources/platform/stm32l/sys_cfg.c:274:6:sys_ctrl_delay_us	32	static
sources/platform/stm32l/sys_cfg.c:296:6:sys_ctrl_delay_ms	16	static
sources/platform/stm32l/sys_cfg.c:324:6:sys_ctr_sleep_wait_for_irq	0	static
sources/platform/stm32l/sys_cfg.c:328:6:sys_ctr_stop_mcu	16	static
sources/platform/stm32l/sys_cfg.c:376:10:sys_ctr_get_exception_number	8	static
sources/platform/stm32l/sys_cfg.c:381:6:sys_ctr_restart_app	0	static
sources/platform/stm32l/sys_cfg.c:387:6:sys_cfg_restore_app	16	static
sources/platform/stm32l/sys_cfg.c:410:6:sys_ctrl_independent_watchdog_init	8	static
sources/platform/stm32l/sys_cfg.c:418:6:sys_ctrl_independent_watchdog_reset	8	static
sources/platform/stm32l/sys_cfg.c:427:6:sys_ctrl_soft_watchdog_init	32	static
sources/platform/stm32l/sys_cfg.c:451:6:sys_ctrl_soft_watchdog_reset	8	static
sources/platform/stm32l/sys_cfg.c:457:6:sys_ctrl_soft_watchdog_enable	8	static
sources/platform/stm32l/sys_cfg.c:463:6:sys_ctrl_soft_watchdog_disable	8	static
sources/platform/stm32l/sys_cfg.c:469:6:sys_ctrl_soft_watchdog_increase_counter	8	static
sources/platform/stm32l/sys_cfg.c:477:6:sys_ctrl_get_firmware_info	12	static
sources/platform/stm32l/sys_cfg.c:495:6:task_irq_io_entry_trigger	0	static
sources/platform/stm32l/sys_cfg.c:501:6:task_irq_io_exit_trigger	0	static
