sources/platform/stm32l/system.c:231:6:default_handler	8	static
sources/platform/stm32l/system.c:321:6:nmi_handler	8	static
sources/platform/stm32l/system.c:325:6:hard_fault_handler	8	static
sources/platform/stm32l/system.c:329:6:mem_manage_handler	8	static
sources/platform/stm32l/system.c:333:6:bus_fault_handler	8	static
sources/platform/stm32l/system.c:337:6:usage_fault_handler	8	static
sources/platform/stm32l/system.c:344:6:systick_handler	8	static
sources/platform/stm32l/system.c:395:6:uart1_irq	8	static
sources/platform/stm32l/system.c:422:6:exti_line1_irq	8	static
sources/platform/stm32l/system.c:455:6:timer7_irq	8	static
sources/platform/stm32l/system.c:189:29:sys_ctrl_delay	0	static
sources/platform/stm32l/system.c:198:10:sys_ctrl_micros	8	static
sources/platform/stm32l/system.c:212:10:sys_ctrl_millis	16	static
sources/platform/stm32l/system.c:220:6:_init	0	static
sources/platform/stm32l/system.c:224:6:_fini	0	static
sources/platform/stm32l/system.c:291:10:sys_stack_count_init	16	static
sources/platform/stm32l/system.c:235:6:reset_handler	16	static
sources/platform/stm32l/system.c:306:10:sys_stack_usage	0	static
sources/platform/stm32l/system.c:314:10:sys_stack_get_size	0	static
sources/platform/stm32l/system.c:372:6:svc_exe	16	static
sources/platform/stm32l/system.c:416:6:uart2_irq	8	static
sources/platform/stm32l/system.c:435:6:exti_line15_irq	8	static
sources/platform/stm32l/system.c:445:6:timer6_irq	8	static
sources/platform/stm32l/system.c:462:6:timer4_irq	8	static
