sources/ak/src/task.c:57:16:task_irq_io_entry_trigger	0	static
sources/ak/src/task.c:64:16:task_irq_io_exit_trigger	0	static
sources/ak/src/task.c:70:6:task_create	8	static
sources/ak/src/task.c:84:6:task_polling_create	8	static
sources/ak/src/task.c:98:6:task_post	16	static
sources/ak/src/task.c:137:9:task_remove_msg	32	static
sources/ak/src/task.c:203:6:task_post_pure_msg	16	static
sources/ak/src/task.c:209:6:task_post_common_msg	24	static
sources/ak/src/task.c:216:6:task_post_dynamic_msg	24	static
sources/ak/src/task.c:223:6:task_entry_interrupt	8	static
sources/ak/src/task.c:240:6:task_exit_interrupt	8	static
sources/ak/src/task.c:249:5:task_init	8	static
sources/ak/src/task.c:293:6:task_polling_set_ability	16	static
sources/ak/src/task.c:315:6:task_polling_run	8	static
sources/ak/src/task.c:274:5:task_run	16	static
sources/ak/src/task.c:429:6:task_pri_queue_dump	32	static
sources/ak/src/task.c:460:11:task_self	0	static
sources/ak/src/task.c:464:11:get_current_task_id	0	static
sources/ak/src/task.c:468:9:get_current_task_info	0	static
sources/ak/src/task.c:472:11:get_current_active_object	0	static
