sources/platform/stm32l/arduino/cores/WMath.cpp:28:6:void randomSeed(long unsigned int)	0	static
sources/platform/stm32l/arduino/cores/WMath.cpp:34:6:long int random(long int)	8	static
sources/platform/stm32l/arduino/cores/WMath.cpp:41:6:long int random(long int, long int)	8	static
sources/platform/stm32l/arduino/cores/WMath.cpp:49:6:long int map(long int, long int, long int, long int, long int)	8	static
sources/platform/stm32l/arduino/cores/WMath.cpp:53:10:uint16_t makeWord(uint16_t)	0	static
sources/platform/stm32l/arduino/cores/WMath.cpp:56:10:uint16_t makeWord(byte, byte)	0	static
